Component: ARM Compiler 5.06 update 7 (build 960) Tool: armlink [4d3601]

==============================================================================

Section Cross References

    startup_stm32h750xx.o(STACK) refers (Special) to heapauxi.o(.text) for __use_two_region_memory
    startup_stm32h750xx.o(HEAP) refers (Special) to heapauxi.o(.text) for __use_two_region_memory
    startup_stm32h750xx.o(RESET) refers (Special) to heapauxi.o(.text) for __use_two_region_memory
    startup_stm32h750xx.o(RESET) refers to startup_stm32h750xx.o(STACK) for __initial_sp
    startup_stm32h750xx.o(RESET) refers to startup_stm32h750xx.o(.text) for Reset_Handler
    startup_stm32h750xx.o(RESET) refers to stm32h7xx_it.o(i.NMI_Handler) for NMI_Handler
    startup_stm32h750xx.o(RESET) refers to stm32h7xx_it.o(i.HardFault_Handler) for HardFault_Handler
    startup_stm32h750xx.o(RESET) refers to stm32h7xx_it.o(i.MemManage_Handler) for MemManage_Handler
    startup_stm32h750xx.o(RESET) refers to stm32h7xx_it.o(i.BusFault_Handler) for BusFault_Handler
    startup_stm32h750xx.o(RESET) refers to stm32h7xx_it.o(i.UsageFault_Handler) for UsageFault_Handler
    startup_stm32h750xx.o(RESET) refers to stm32h7xx_it.o(i.SVC_Handler) for SVC_Handler
    startup_stm32h750xx.o(RESET) refers to stm32h7xx_it.o(i.DebugMon_Handler) for DebugMon_Handler
    startup_stm32h750xx.o(RESET) refers to stm32h7xx_it.o(i.PendSV_Handler) for PendSV_Handler
    startup_stm32h750xx.o(RESET) refers to stm32h7xx_it.o(i.SysTick_Handler) for SysTick_Handler
    startup_stm32h750xx.o(RESET) refers to spinencoder.o(i.EXTI9_5_IRQHandler) for EXTI9_5_IRQHandler
    startup_stm32h750xx.o(RESET) refers to atim.o(i.TIM1_UP_IRQHandler) for TIM1_UP_IRQHandler
    startup_stm32h750xx.o(RESET) refers to usart.o(i.USART1_IRQHandler) for USART1_IRQHandler
    startup_stm32h750xx.o(RESET) refers to atim.o(i.TIM15_IRQHandler) for TIM15_IRQHandler
    startup_stm32h750xx.o(.text) refers (Special) to heapauxi.o(.text) for __use_two_region_memory
    startup_stm32h750xx.o(.text) refers to system_stm32h7xx.o(i.SystemInit) for SystemInit
    startup_stm32h750xx.o(.text) refers to __main.o(!!!main) for __main
    startup_stm32h750xx.o(.text) refers to startup_stm32h750xx.o(HEAP) for Heap_Mem
    startup_stm32h750xx.o(.text) refers to startup_stm32h750xx.o(STACK) for Stack_Mem
    main.o(i.main) refers to sys.o(i.sys_cache_enable) for sys_cache_enable
    main.o(i.main) refers to stm32h7xx_hal.o(i.HAL_Init) for HAL_Init
    main.o(i.main) refers to sys.o(i.sys_stm32_clock_init) for sys_stm32_clock_init
    main.o(i.main) refers to delay.o(i.delay_init) for delay_init
    main.o(i.main) refers to usart.o(i.usart_init) for usart_init
    main.o(i.main) refers to spinencoder.o(i.exti_init) for exti_init
    main.o(i.main) refers to led.o(i.led_init) for led_init
    main.o(i.main) refers to key.o(i.key_init) for key_init
    main.o(i.main) refers to atim.o(i.atim_timx_chy_npwm_init) for atim_timx_chy_npwm_init
    main.o(i.main) refers to key.o(i.key_scan) for key_scan
    main.o(i.main) refers to stm32h7xx_hal_tim.o(i.HAL_TIM_PWM_Start) for HAL_TIM_PWM_Start
    main.o(i.main) refers to stm32h7xx_hal_tim.o(i.HAL_TIM_PWM_Stop) for HAL_TIM_PWM_Stop
    main.o(i.main) refers to atim.o(i.atim_timx_chy_npwm_set) for atim_timx_chy_npwm_set
    main.o(i.main) refers to atim.o(i.atim_tim15_chy_npwm_set) for atim_tim15_chy_npwm_set
    main.o(i.main) refers to stm32h7xx_hal_gpio.o(i.HAL_GPIO_TogglePin) for HAL_GPIO_TogglePin
    main.o(i.main) refers to delay.o(i.delay_ms) for delay_ms
    main.o(i.main) refers to atim.o(.bss) for g_timx_npwm_handle
    system_stm32h7xx.o(i.SystemCoreClockUpdate) refers to system_stm32h7xx.o(.constdata) for D1CorePrescTable
    system_stm32h7xx.o(i.SystemCoreClockUpdate) refers to system_stm32h7xx.o(.data) for SystemD2Clock
    stm32h7xx_it.o(i.SysTick_Handler) refers to stm32h7xx_hal.o(i.HAL_IncTick) for HAL_IncTick
    sys.o(i.HAL_QSPI_MspDeInit) refers to stm32h7xx_hal_gpio.o(i.HAL_GPIO_DeInit) for HAL_GPIO_DeInit
    sys.o(i.HAL_QSPI_MspInit) refers to stm32h7xx_hal_rcc_ex.o(i.HAL_RCCEx_PeriphCLKConfig) for HAL_RCCEx_PeriphCLKConfig
    sys.o(i.HAL_QSPI_MspInit) refers to stm32h7xx_hal_gpio.o(i.HAL_GPIO_Init) for HAL_GPIO_Init
    sys.o(i.HAL_QSPI_MspInit) refers to sys.o(.bss) for rcc_periph_clk_init_struct
    sys.o(i.sys_qspi_enable_memmapmode) refers to rt_memclr_w.o(.text) for __aeabi_memclr4
    sys.o(i.sys_qspi_enable_memmapmode) refers to stm32h7xx_hal_qspi.o(i.HAL_QSPI_DeInit) for HAL_QSPI_DeInit
    sys.o(i.sys_qspi_enable_memmapmode) refers to stm32h7xx_hal_qspi.o(i.HAL_QSPI_Init) for HAL_QSPI_Init
    sys.o(i.sys_qspi_enable_memmapmode) refers to stm32h7xx_hal_qspi.o(i.HAL_QSPI_Command) for HAL_QSPI_Command
    sys.o(i.sys_qspi_enable_memmapmode) refers to stm32h7xx_hal_qspi.o(i.HAL_QSPI_AutoPolling) for HAL_QSPI_AutoPolling
    sys.o(i.sys_qspi_enable_memmapmode) refers to stm32h7xx_hal_cortex.o(i.HAL_MPU_Disable) for HAL_MPU_Disable
[...]
    i.HAL_QSPI_Init                          0x08001668   Section        0  stm32h7xx_hal_qspi.o(i.HAL_QSPI_Init)
    i.HAL_QSPI_MemoryMapped                  0x08001718   Section        0  stm32h7xx_hal_qspi.o(i.HAL_QSPI_MemoryMapped)
    i.HAL_QSPI_MspDeInit                     0x080017c4   Section        0  sys.o(i.HAL_QSPI_MspDeInit)
    i.HAL_QSPI_MspInit                       0x080017fc   Section        0  sys.o(i.HAL_QSPI_MspInit)
    i.HAL_QSPI_SetTimeout                    0x080018e4   Section        0  stm32h7xx_hal_qspi.o(i.HAL_QSPI_SetTimeout)
    i.HAL_RCCEx_GetD3PCLK1Freq               0x080018e8   Section        0  stm32h7xx_hal_rcc_ex.o(i.HAL_RCCEx_GetD3PCLK1Freq)
    i.HAL_RCCEx_GetPLL2ClockFreq             0x0800190c   Section        0  stm32h7xx_hal_rcc_ex.o(i.HAL_RCCEx_GetPLL2ClockFreq)
    i.HAL_RCCEx_GetPLL3ClockFreq             0x08001b3c   Section        0  stm32h7xx_hal_rcc_ex.o(i.HAL_RCCEx_GetPLL3ClockFreq)
    i.HAL_RCCEx_PeriphCLKConfig              0x08001d6c   Section        0  stm32h7xx_hal_rcc_ex.o(i.HAL_RCCEx_PeriphCLKConfig)
    i.HAL_RCC_ClockConfig                    0x08002ad4   Section        0  stm32h7xx_hal_rcc.o(i.HAL_RCC_ClockConfig)
    i.HAL_RCC_GetHCLKFreq                    0x08002df4   Section        0  stm32h7xx_hal_rcc.o(i.HAL_RCC_GetHCLKFreq)
    i.HAL_RCC_GetPCLK1Freq                   0x08002e40   Section        0  stm32h7xx_hal_rcc.o(i.HAL_RCC_GetPCLK1Freq)
    i.HAL_RCC_GetPCLK2Freq                   0x08002e64   Section        0  stm32h7xx_hal_rcc.o(i.HAL_RCC_GetPCLK2Freq)
    i.HAL_RCC_GetSysClockFreq                0x08002e88   Section        0  stm32h7xx_hal_rcc.o(i.HAL_RCC_GetSysClockFreq)
    i.HAL_RCC_OscConfig                      0x080030b4   Section        0  stm32h7xx_hal_rcc.o(i.HAL_RCC_OscConfig)
    i.HAL_SYSCFG_CompensationCodeSelect      0x0800390c   Section        0  stm32h7xx_hal.o(i.HAL_SYSCFG_CompensationCodeSelect)
    i.HAL_SYSTICK_Config                     0x08003920   Section        0  stm32h7xx_hal_cortex.o(i.HAL_SYSTICK_Config)
    i.HAL_UART_MspInit                       0x08003954   Section        0  usart.o(i.HAL_UART_MspInit)
    i.HAL_UART_RxCpltCallback                0x08003a34   Section        0  usart.o(i.HAL_UART_RxCpltCallback)
    i.HardFault_Handler                      0x08003ad0   Section        0  stm32h7xx_it.o(i.HardFault_Handler)
    i.MemManage_Handler                      0x08003ad4   Section        0  stm32h7xx_it.o(i.MemManage_Handler)
    i.NMI_Handler                            0x08003ad8   Section        0  stm32h7xx_it.o(i.NMI_Handler)
    i.PendSV_Handler                         0x08003ada   Section        0  stm32h7xx_it.o(i.PendSV_Handler)
    i.QSPI_Config                            0x08003adc   Section        0  stm32h7xx_hal_qspi.o(i.QSPI_Config)
    QSPI_Config                              0x08003add   Thumb Code   488  stm32h7xx_hal_qspi.o(i.QSPI_Config)
    i.QSPI_WaitFlagStateUntilTimeout         0x08003cc4   Section        0  stm32h7xx_hal_qspi.o(i.QSPI_WaitFlagStateUntilTimeout)
    QSPI_WaitFlagStateUntilTimeout           0x08003cc5   Thumb Code    76  stm32h7xx_hal_qspi.o(i.QSPI_WaitFlagStateUntilTimeout)
    i.RCCEx_PLL2_Config                      0x08003d10   Section        0  stm32h7xx_hal_rcc_ex.o(i.RCCEx_PLL2_Config)
    RCCEx_PLL2_Config                        0x08003d11   Thumb Code   350  stm32h7xx_hal_rcc_ex.o(i.RCCEx_PLL2_Config)
    i.RCCEx_PLL3_Config                      0x08003e74   Section        0  stm32h7xx_hal_rcc_ex.o(i.RCCEx_PLL3_Config)
    RCCEx_PLL3_Config                        0x08003e75   Thumb Code   350  stm32h7xx_hal_rcc_ex.o(i.RCCEx_PLL3_Config)
    i.SVC_Handler                            0x08003fd8   Section        0  stm32h7xx_it.o(i.SVC_Handler)
    i.SysTick_Handler                        0x08003fda   Section        0  stm32h7xx_it.o(i.SysTick_Handler)
    i.SystemInit                             0x08003fe4   Section        0  system_stm32h7xx.o(i.SystemInit)
    i.USART1_IRQHandler                      0x080040e0   Section        0  usart.o(i.USART1_IRQHandler)
    i.UsageFault_Handler                     0x080040f0   Section        0  stm32h7xx_it.o(i.UsageFault_Handler)
    i.__NVIC_GetPriorityGrouping             0x080040f4   Section        0  stm32h7xx_hal_cortex.o(i.__NVIC_GetPriorityGrouping)
    __NVIC_GetPriorityGrouping               0x080040f5   Thumb Code    10  stm32h7xx_hal_cortex.o(i.__NVIC_GetPriorityGrouping)
    i.__NVIC_SetPriority                     0x08004104   Section        0  stm32h7xx_hal_cortex.o(i.__NVIC_SetPriority)
    __NVIC_SetPriority                       0x08004105   Thumb Code    32  stm32h7xx_hal_cortex.o(i.__NVIC_SetPriority)
    i._sys_exit                              0x0800412c   Section        0  usart.o(i._sys_exit)
    i.delay_init                             0x08004130   Section        0  delay.o(i.delay_init)
    i.delay_ms                               0x0800413c   Section        0  delay.o(i.delay_ms)
    i.delay_us                               0x08004150   Section        0  delay.o(i.delay_us)
    i.fputc                                  0x08004198   Section        0  usart.o(i.fputc)
    i.main                                   0x080041b4   Section        0  main.o(i.main)
    i.sys_cache_enable                       0x08004294   Section        0  sys.o(i.sys_cache_enable)
    i.sys_qspi_enable_memmapmode             0x080043d4   Section        0  sys.o(i.sys_qspi_enable_memmapmode)
    i.sys_stm32_clock_init                   0x08004524   Section        0  sys.o(i.sys_stm32_clock_init)
    i.usart_init                             0x0800469c   Section        0  usart.o(i.usart_init)
    x$fpl$fpinit                             0x080046d4   Section       10  fpinit.o(x$fpl$fpinit)
    $v0                                      0x080046d4   Number         0  fpinit.o(x$fpl$fpinit)
    .constdata                               0x080046de   Section       16  system_stm32h7xx.o(.constdata)
    .data                                    0x24000000   Section        8  system_stm32h7xx.o(.data)
    .data                                    0x24000008   Section        4  delay.o(.data)
    g_fac_us                                 0x24000008   Data           4  delay.o(.data)
    .data                                    0x2400000c   Section        7  usart.o(.data)
    .data                                    0x24000014   Section        9  stm32h7xx_hal.o(.data)
    .data                                    0x2400001d   Section        1  key.o(.data)
    key_release                              0x2400001d   Data           1  key.o(.data)
    .data                                    0x24000020   Section        4  atim.o(.data)
    .data                                    0x24000024   Section       12  spinencoder.o(.data)
    .bss                                     0x24000030   Section      192  sys.o(.bss)
    .bss                                     0x240000f0   Section      348  usart.o(.bss)
    .bss                                     0x2400024c   Section      380  atim.o(.bss)
    .bss                                     0x240003c8   Section       96  libspace.o(.bss)
    HEAP                                     0x24000428   Section      512  startup_stm32h750xx.o(HEAP)
    Heap_Mem                                 0x24000428   Data         512  startup_stm32h750xx.o(HEAP)
    STACK                                    0x24000628   Section     1024  startup_stm32h750xx.o(STACK)
    Stack_Mem                                0x24000628   Data        1024  startup_stm32h750xx.o(STACK)
    __initial_sp                             0x24000a28   Data           0  startup_stm32h750xx.o(STACK)
    .ARM.Collect$$_printf_percent$$00000000  0x90000000   Section        0  _printf_percent.o(.ARM.Collect$$_printf_percent$$00000000)
    .ARM.Collect$$_printf_percent$$00000009  0x90000000   Section        6  _printf_d.o(.ARM.Collect$$_printf_percent$$00000009)
    .ARM.Collect$$_printf_percent$$00000017  0x90000006   Section        4  _printf_percent_end.o(.ARM.Collect$$_printf_percent$$00000017)
    .text                                    0x9000000c   Section        0  noretval__2printf.o(.text)
    .text                                    0x90000024   Section        0  _printf_pad.o(.text)
    .text                                    0x90000074   Section        0  _printf_dec.o(.text)
    .text                                    0x900000ec   Section        0  __printf_wp.o(.text)
    .text                                    0x900001fa   Section        0  _printf_intcommon.o(.text)
    .text                                    0x900002ac   Section        0  _printf_char_file.o(.text)
    .text                                    0x900002d0   Section        0  _printf_char_common.o(.text)
    _printf_input_char                       0x900002d1   Thumb Code    10  _printf_char_common.o(.text)
    .text                                    0x90000300   Section        0  ferror.o(.text)
    i.EXTI9_5_IRQHandler                     0x900003c6   Section        0  spinencoder.o(i.EXTI9_5_IRQHandler)
    i.HAL_GPIO_EXTI_Callback                 0x900003e8   Section        0  spinencoder.o(i.HAL_GPIO_EXTI_Callback)
    i.HAL_TIM_GenerateEvent                  0x90000540   Section        0  stm32h7xx_hal_tim.o(i.HAL_TIM_GenerateEvent)
    i.HAL_TIM_PWM_ConfigChannel              0x90000576   Section        0  stm32h7xx_hal_tim.o(i.HAL_TIM_PWM_ConfigChannel)
    i.HAL_TIM_PWM_Init                       0x900006e6   Section        0  stm32h7xx_hal_tim.o(i.HAL_TIM_PWM_Init)
    i.HAL_TIM_PWM_MspInit                    0x90000754   Section        0  stm32h7xx_hal_tim.o(i.HAL_TIM_PWM_MspInit)
    i.HAL_TIM_PWM_Start                      0x90000758   Section        0  stm32h7xx_hal_tim.o(i.HAL_TIM_PWM_Start)
    i.HAL_TIM_PWM_Stop                       0x900008bc   Section        0  stm32h7xx_hal_tim.o(i.HAL_TIM_PWM_Stop)
    i.HAL_UARTEx_RxEventCallback             0x900009a0   Section        0  stm32h7xx_hal_uart.o(i.HAL_UARTEx_RxEventCallback)
    i.HAL_UARTEx_RxFifoFullCallback          0x900009a2   Section        0  stm32h7xx_hal_uart_ex.o(i.HAL_UARTEx_RxFifoFullCallback)
    i.HAL_UARTEx_TxFifoEmptyCallback         0x900009a4   Section        0  stm32h7xx_hal_uart_ex.o(i.HAL_UARTEx_TxFifoEmptyCallback)
    i.HAL_UARTEx_WakeupCallback              0x900009a6   Section        0  stm32h7xx_hal_uart_ex.o(i.HAL_UARTEx_WakeupCallback)
    i.HAL_UART_ErrorCallback                 0x900009a8   Section        0  stm32h7xx_hal_uart.o(i.HAL_UART_ErrorCallback)
    i.HAL_UART_IRQHandler                    0x900009ac   Section        0  stm32h7xx_hal_uart.o(i.HAL_UART_IRQHandler)
    i.HAL_UART_Init                          0x90000e40   Section        0  stm32h7xx_hal_uart.o(i.HAL_UART_Init)
    i.HAL_UART_Receive_IT                    0x90000eb8   Section        0  stm32h7xx_hal_uart.o(i.HAL_UART_Receive_IT)
    i.HAL_UART_TxCpltCallback                0x90000f14   Section        0  stm32h7xx_hal_uart.o(i.HAL_UART_TxCpltCallback)
    i.TIM15_IRQHandler                       0x90000f18   Section        0  atim.o(i.TIM15_IRQHandler)
    i.TIM1_UP_IRQHandler                     0x90000f98   Section        0  atim.o(i.TIM1_UP_IRQHandler)
    i.TIM_Base_SetConfig                     0x90001018   Section        0  stm32h7xx_hal_tim.o(i.TIM_Base_SetConfig)
    i.TIM_CCxChannelCmd                      0x900010e4   Section        0  stm32h7xx_hal_tim.o(i.TIM_CCxChannelCmd)
    i.TIM_OC1_SetConfig                      0x90001108   Section        0  stm32h7xx_hal_tim.o(i.TIM_OC1_SetConfig)
    TIM_OC1_SetConfig                        0x90001109   Thumb Code   146  stm32h7xx_hal_tim.o(i.TIM_OC1_SetConfig)
    i.TIM_OC2_SetConfig                      0x900011b4   Section        0  stm32h7xx_hal_tim.o(i.TIM_OC2_SetConfig)
    i.TIM_OC3_SetConfig                      0x90001268   Section        0  stm32h7xx_hal_tim.o(i.TIM_OC3_SetConfig)
    TIM_OC3_SetConfig                        0x90001269   Thumb Code   154  stm32h7xx_hal_tim.o(i.TIM_OC3_SetConfig)
    i.TIM_OC4_SetConfig                      0x9000131c   Section        0  stm32h7xx_hal_tim.o(i.TIM_OC4_SetConfig)
    TIM_OC4_SetConfig                        0x9000131d   Thumb Code    92  stm32h7xx_hal_tim.o(i.TIM_OC4_SetConfig)
    i.TIM_OC5_SetConfig                      0x90001390   Section        0  stm32h7xx_hal_tim.o(i.TIM_OC5_SetConfig)
    TIM_OC5_SetConfig                        0x90001391   Thumb Code    86  stm32h7xx_hal_tim.o(i.TIM_OC5_SetConfig)
    i.TIM_OC6_SetConfig                      0x90001400   Section        0  stm32h7xx_hal_tim.o(i.TIM_OC6_SetConfig)
    TIM_OC6_SetConfig                        0x90001401   Thumb Code    88  stm32h7xx_hal_tim.o(i.TIM_OC6_SetConfig)
    i.UART_AdvFeatureConfig                  0x90001470   Section        0  stm32h7xx_hal_uart.o(i.UART_AdvFeatureConfig)
    i.UART_CheckIdleState                    0x90001568   Section        0  stm32h7xx_hal_uart.o(i.UART_CheckIdleState)
    i.UART_DMAAbortOnError                   0x90001652   Section        0  stm32h7xx_hal_uart.o(i.UART_DMAAbortOnError)
    UART_DMAAbortOnError                     0x90001653   Thumb Code    24  stm32h7xx_hal_uart.o(i.UART_DMAAbortOnError)
    i.UART_EndRxTransfer                     0x9000166c   Section        0  stm32h7xx_hal_uart.o(i.UART_EndRxTransfer)
    UART_EndRxTransfer                       0x9000166d   Thumb Code   104  stm32h7xx_hal_uart.o(i.UART_EndRxTransfer)
    i.UART_EndTransmit_IT                    0x900016d8   Section        0  stm32h7xx_hal_uart.o(i.UART_EndTransmit_IT)
    UART_EndTransmit_IT                      0x900016d9   Thumb Code    48  stm32h7xx_hal_uart.o(i.UART_EndTransmit_IT)
    i.UART_RxISR_16BIT                       0x90001708   Section        0  stm32h7xx_hal_uart.o(i.UART_RxISR_16BIT)
    UART_RxISR_16BIT                         0x90001709   Thumb Code   256  stm32h7xx_hal_uart.o(i.UART_RxISR_16BIT)
    i.UART_RxISR_16BIT_FIFOEN                0x9000180c   Section        0  stm32h7xx_hal_uart.o(i.UART_RxISR_16BIT_FIFOEN)
    UART_RxISR_16BIT_FIFOEN                  0x9000180d   Thumb Code   494  stm32h7xx_hal_uart.o(i.UART_RxISR_16BIT_FIFOEN)
    i.UART_RxISR_8BIT                        0x90001a08   Section        0  stm32h7xx_hal_uart.o(i.UART_RxISR_8BIT)
    UART_RxISR_8BIT                          0x90001a09   Thumb Code   254  stm32h7xx_hal_uart.o(i.UART_RxISR_8BIT)
    i.UART_RxISR_8BIT_FIFOEN                 0x90001b0c   Section        0  stm32h7xx_hal_uart.o(i.UART_RxISR_8BIT_FIFOEN)
    UART_RxISR_8BIT_FIFOEN                   0x90001b0d   Thumb Code   492  stm32h7xx_hal_uart.o(i.UART_RxISR_8BIT_FIFOEN)
    i.UART_SetConfig                         0x90001d04   Section        0  stm32h7xx_hal_uart.o(i.UART_SetConfig)
    i.UART_Start_Receive_IT                  0x90002290   Section        0  stm32h7xx_hal_uart.o(i.UART_Start_Receive_IT)
    i.UART_WaitOnFlagUntilTimeout            0x900023ec   Section        0  stm32h7xx_hal_uart.o(i.UART_WaitOnFlagUntilTimeout)
    i._is_digit                              0x9000248e   Section        0  __printf_wp.o(i._is_digit)
    i.atim_tim15_chy_npwm_set                0x9000249c   Section        0  atim.o(i.atim_tim15_chy_npwm_set)
    i.atim_timx_chy_npwm_init                0x900024bc   Section        0  atim.o(i.atim_timx_chy_npwm_init)
    i.atim_timx_chy_npwm_set                 0x90002668   Section        0  atim.o(i.atim_timx_chy_npwm_set)
    i.exti_init                              0x90002688   Section        0  spinencoder.o(i.exti_init)
    i.key_init                               0x90002778   Section        0  key.o(i.key_init)
    i.key_scan                               0x90002874   Section        0  key.o(i.key_scan)
    i.led_init                               0x900029a0   Section        0  led.o(i.led_init)
    .constdata                               0x90002a40   Section       24  stm32h7xx_hal_uart.o(.constdata)

    Global Symbols

    Symbol Name                              Value     Ov Type        Size  Object(Section)

    BuildAttributes$$THM_ISAv4$E$P$D$K$B$S$7EM$VFPv5_D16$PE$PLD8$A:L22UL41UL21$X:L11$S22US41US21$IEEE1$IW$USESV6$~STKCKD$USESV7$~SHL$OSPACE$ROPI$EBA8$UX$STANDARDLIB$REQ8$PRES8$EABIv2 0x00000000   Number         0  anon$$obj.o ABSOLUTE
    __ARM_use_no_argv                        0x00000000   Number         0  main.o ABSOLUTE
    _printf_flags                            0x00000000   Number         0  printf_stubs.o ABSOLUTE
    _printf_return_value                     0x00000000   Number         0  printf_stubs.o ABSOLUTE
    _printf_sizespec                         0x00000000   Number         0  printf_stubs.o ABSOLUTE
    _printf_widthprec                        0x00000000   Number         0  printf_stubs.o ABSOLUTE
    __ARM_exceptions_init                     - Undefined Weak Reference
    __alloca_initialize                       - Undefined Weak Reference
    __arm_fini_                               - Undefined Weak Reference
    __arm_preinit_                            - Undefined Weak Reference
    __cpp_initialize__aeabi_                  - Undefined Weak Reference
    __cxa_finalize                            - Undefined Weak Reference
    __rt_locale                               - Undefined Weak Reference
    __sigvec_lookup                           - Undefined Weak Reference
    _atexit_init                              - Undefined Weak Reference
    _call_atexit_fns                          - Undefined Weak Reference
    _clock_init                               - Undefined Weak Reference
    _fp_trap_init                             - Undefined Weak Reference
    _fp_trap_shutdown                         - Undefined Weak Reference
    _get_lc_collate                           - Undefined Weak Reference
    _get_lc_ctype                             - Undefined Weak Reference
    _get_lc_monetary                          - Undefined Weak Reference
    _get_lc_numeric                           - Undefined Weak Reference
    _get_lc_time                              - Undefined Weak Reference
    _getenv_init                              - Undefined Weak Reference
    _handle_redirection                       - Undefined Weak Reference
    _init_alloc                               - Undefined Weak Reference
    _init_user_alloc                          - Undefined Weak Reference
    _initio                                   - Undefined Weak Reference
    _mutex_acquire                            - Undefined Weak Reference
    _mutex_release                            - Undefined Weak Reference
    _printf_truncate_signed                   - Undefined Weak Reference
    _printf_truncate_unsigned                 - Undefined Weak Reference
    _rand_init                                - Undefined Weak Reference
    _signal_finish                            - Undefined Weak Reference
    _signal_init                              - Undefined Weak Reference
    _terminate_alloc                          - Undefined Weak Reference
    _terminate_user_alloc                     - Undefined Weak Reference
    _terminateio                              - Undefined Weak Reference
    __Vectors_Size                           0x00000298   Number         0  startup_stm32h750xx.o ABSOLUTE
    __Vectors                                0x08000000   Data           4  startup_stm32h750xx.o(RESET)
    __Vectors_End                            0x08000298   Data           0  startup_stm32h750xx.o(RESET)
    __main                                   0x08000299   Thumb Code     8  __main.o(!!!main)
    __scatterload                            0x080002a1   Thumb Code     0  __scatter.o(!!!scatter)
    __scatterload_rt2                        0x080002a1   Thumb Code    44  __scatter.o(!!!scatter)
    __scatterload_rt2_thumb_only             0x080002a1   Thumb Code     0  __scatter.o(!!!scatter)
    __scatterload_null                       0x080002af   Thumb Code     0  __scatter.o(!!!scatter)
    __scatterload_copy                       0x080002d5   Thumb Code    26  __scatter_copy.o(!!handler_copy)
    __scatterload_zeroinit                   0x080002f1   Thumb Code    28  __scatter_zi.o(!!handler_zi)
    __rt_lib_init                            0x0800030d   Thumb Code     0  libinit.o(.ARM.Collect$$libinit$$00000000)
    __rt_lib_init_fp_1                       0x0800030f   Thumb Code     0  libinit2.o(.ARM.Collect$$libinit$$00000001)
    __rt_lib_init_alloca_1                   0x08000313   Thumb Code     0  libinit2.o(.ARM.Collect$$libinit$$0000002E)
    __rt_lib_init_argv_1                     0x08000313   Thumb Code     0  libinit2.o(.ARM.Collect$$libinit$$0000002C)
    __rt_lib_init_atexit_1                   0x08000313   Thumb Code     0  libinit2.o(.ARM.Collect$$libinit$$0000001B)
    __rt_lib_init_clock_1                    0x08000313   Thumb Code     0  libinit2.o(.ARM.Collect$$libinit$$00000021)
    __rt_lib_init_cpp_1                      0x08000313   Thumb Code     0  libinit2.o(.ARM.Collect$$libinit$$00000032)
    __rt_lib_init_exceptions_1               0x08000313   Thumb Code     0  libinit2.o(.ARM.Collect$$libinit$$00000030)
    __rt_lib_init_fp_trap_1                  0x08000313   Thumb Code     0  libinit2.o(.ARM.Collect$$libinit$$0000001F)
    __rt_lib_init_getenv_1                   0x08000313   Thumb Code     0  libinit2.o(.ARM.Collect$$libinit$$00000023)
    __rt_lib_init_heap_1                     0x08000313   Thumb Code     0  libinit2.o(.ARM.Collect$$libinit$$0000000A)
    __rt_lib_init_lc_collate_1               0x08000313   Thumb Code     0  libinit2.o(.ARM.Collect$$libinit$$00000011)
    __rt_lib_init_lc_ctype_1                 0x08000313   Thumb Code     0  libinit2.o(.ARM.Collect$$libinit$$00000013)
    __rt_lib_init_lc_monetary_1              0x08000313   Thumb Code     0  libinit2.o(.ARM.Collect$$libinit$$00000015)
    __rt_lib_init_lc_numeric_1               0x08000313   Thumb Code     0  libinit2.o(.ARM.Collect$$libinit$$00000017)
    __rt_lib_init_lc_time_1                  0x08000313   Thumb Code     0  libinit2.o(.ARM.Collect$$libinit$$00000019)
    __rt_lib_init_preinit_1                  0x08000313   Thumb Code     0  libinit2.o(.ARM.Collect$$libinit$$00000004)
    __rt_lib_init_rand_1                     0x08000313   Thumb Code     0  libinit2.o(.ARM.Collect$$libinit$$0000000E)
    __rt_lib_init_return                     0x08000313   Thumb Code     0  libinit2.o(.ARM.Collect$$libinit$$00000033)
    __rt_lib_init_signal_1                   0x08000313   Thumb Code     0  libinit2.o(.ARM.Collect$$libinit$$0000001D)
    __rt_lib_init_stdio_1                    0x08000313   Thumb Code     0  libinit2.o(.ARM.Collect$$libinit$$00000025)
    __rt_lib_init_user_alloc_1               0x08000313   Thumb Code     0  libinit2.o(.ARM.Collect$$libinit$$0000000C)
    __rt_lib_shutdown                        0x08000315   Thumb Code     0  libshutdown.o(.ARM.Collect$$libshutdown$$00000000)
    __rt_lib_shutdown_cpp_1                  0x08000317   Thumb Code     0  libshutdown2.o(.ARM.Collect$$libshutdown$$00000004)
    __rt_lib_shutdown_fini_1                 0x08000317   Thumb Code     0  libshutdown2.o(.ARM.Collect$$libshutdown$$00000002)
    __rt_lib_shutdown_fp_trap_1              0x08000317   Thumb Code     0  libshutdown2.o(.ARM.Collect$$libshutdown$$00000009)
    __rt_lib_shutdown_heap_1                 0x08000317   Thumb Code     0  libshutdown2.o(.ARM.Collect$$libshutdown$$00000011)
    __rt_lib_shutdown_return                 0x08000317   Thumb Code     0  libshutdown2.o(.ARM.Collect$$libshutdown$$00000012)
    __rt_lib_shutdown_signal_1               0x08000317   Thumb Code     0  libshutdown2.o(.ARM.Collect$$libshutdown$$0000000C)
    __rt_lib_shutdown_stdio_1                0x08000317   Thumb Code     0  libshutdown2.o(.ARM.Collect$$libshutdown$$00000006)
    __rt_lib_shutdown_user_alloc_1           0x08000317   Thumb Code     0  libshutdown2.o(.ARM.Collect$$libshutdown$$0000000E)
    __rt_entry                               0x08000319   Thumb Code     0  __rtentry.o(.ARM.Collect$$rtentry$$00000000)
    __rt_entry_presh_1                       0x08000319   Thumb Code     0  __rtentry2.o(.ARM.Collect$$rtentry$$00000002)
    __rt_entry_sh                            0x08000319   Thumb Code     0  __rtentry4.o(.ARM.Collect$$rtentry$$00000004)
    __rt_entry_li                            0x0800031f   Thumb Code     0  __rtentry2.o(.ARM.Collect$$rtentry$$0000000A)
    __rt_entry_postsh_1                      0x0800031f   Thumb Code     0  __rtentry2.o(.ARM.Collect$$rtentry$$00000009)
    __rt_entry_main                          0x08000323   Thumb Code     0  __rtentry2.o(.ARM.Collect$$rtentry$$0000000D)
    __rt_entry_postli_1                      0x08000323   Thumb Code     0  __rtentry2.o(.ARM.Collect$$rtentry$$0000000C)
    __rt_exit                                0x0800032b   Thumb Code     0  rtexit.o(.ARM.Collect$$rtexit$$00000000)
    __rt_exit_ls                             0x0800032d   Thumb Code     0  rtexit2.o(.ARM.Collect$$rtexit$$00000003)
    __rt_exit_prels_1                        0x0800032d   Thumb Code     0  rtexit2.o(.ARM.Collect$$rtexit$$00000002)
    __rt_exit_exit                           0x08000331   Thumb Code     0  rtexit2.o(.ARM.Collect$$rtexit$$00000004)
    Reset_Handler                            0x08000339   Thumb Code     8  startup_stm32h750xx.o(.text)
    ADC3_IRQHandler                          0x08000353   Thumb Code     0  startup_stm32h750xx.o(.text)
    ADC_IRQHandler                           0x08000353   Thumb Code     0  startup_stm32h750xx.o(.text)
    BDMA_Channel0_IRQHandler                 0x08000353   Thumb Code     0  startup_stm32h750xx.o(.text)
    BDMA_Channel1_IRQHandler                 0x08000353   Thumb Code     0  startup_stm32h750xx.o(.text)
    BDMA_Channel2_IRQHandler                 0x08000353   Thumb Code     0  startup_stm32h750xx.o(.text)
    BDMA_Channel3_IRQHandler                 0x08000353   Thumb Code     0  startup_stm32h750xx.o(.text)
    BDMA_Channel4_IRQHandler                 0x08000353   Thumb Code     0  startup_stm32h750xx.o(.text)
    BDMA_Channel5_IRQHandler                 0x08000353   Thumb Code     0  startup_stm32h750xx.o(.text)
    BDMA_Channel6_IRQHandler                 0x08000353   Thumb Code     0  startup_stm32h750xx.o(.text)
    BDMA_Channel7_IRQHandler                 0x08000353   Thumb Code     0  startup_stm32h750xx.o(.text)
    CEC_IRQHandler                           0x08000353   Thumb Code     0  startup_stm32h750xx.o(.text)
    COMP1_IRQHandler                         0x08000353   Thumb Code     0  startup_stm32h750xx.o(.text)
    CRS_IRQHandler                           0x08000353   Thumb Code     0  startup_stm32h750xx.o(.text)
    CRYP_IRQHandler                          0x08000353   Thumb Code     0  startup_stm32h750xx.o(.text)
    DCMI_IRQHandler                          0x08000353   Thumb Code     0  startup_stm32h750xx.o(.text)
    DFSDM1_FLT0_IRQHandler                   0x08000353   Thumb Code     0  startup_stm32h750xx.o(.text)
    DFSDM1_FLT1_IRQHandler                   0x08000353   Thumb Code     0  startup_stm32h750xx.o(.text)
    DFSDM1_FLT2_IRQHandler                   0x08000353   Thumb Code     0  startup_stm32h750xx.o(.text)
    DFSDM1_FLT3_IRQHandler                   0x08000353   Thumb Code     0  startup_stm32h750xx.o(.text)
    DMA1_Stream0_IRQHandler                  0x08000353   Thumb Code     0  startup_stm32h750xx.o(.text)
    DMA1_Stream1_IRQHandler                  0x08000353   Thumb Code     0  startup_stm32h750xx.o(.text)
    DMA1_Stream2_IRQHandler                  0x08000353   Thumb Code     0  startup_stm32h750xx.o(.text)
    DMA1_Stream3_IRQHandler                  0x08000353   Thumb Code     0  startup_stm32h750xx.o(.text)
    DMA1_Stream4_IRQHandler                  0x08000353   Thumb Code     0  startup_stm32h750xx.o(.text)
    DMA1_Stream5_IRQHandler                  0x08000353   Thumb Code     0  startup_stm32h750xx.o(.text)
    DMA1_Stream6_IRQHandler                  0x08000353   Thumb Code     0  startup_stm32h750xx.o(.text)
    DMA1_Stream7_IRQHandler                  0x08000353   Thumb Code     0  startup_stm32h750xx.o(.text)
    DMA2D_IRQHandler                         0x08000353   Thumb Code     0  startup_stm32h750xx.o(.text)
    DMA2_Stream0_IRQHandler                  0x08000353   Thumb Code     0  startup_stm32h750xx.o(.text)
    DMA2_Stream1_IRQHandler                  0x08000353   Thumb Code     0  startup_stm32h750xx.o(.text)
    DMA2_Stream2_IRQHandler                  0x08000353   Thumb Code     0  startup_stm32h750xx.o(.text)
    DMA2_Stream3_IRQHandler                  0x08000353   Thumb Code     0  startup_stm32h750xx.o(.text)
    DMA2_Stream4_IRQHandler                  0x08000353   Thumb Code     0  startup_stm32h750xx.o(.text)
    DMA2_Stream5_IRQHandler                  0x08000353   Thumb Code     0  startup_stm32h750xx.o(.text)
    DMA2_Stream6_IRQHandler                  0x08000353   Thumb Code     0  startup_stm32h750xx.o(.text)
    DMA2_Stream7_IRQHandler                  0x08000353   Thumb Code     0  startup_stm32h750xx.o(.text)
    DMAMUX1_OVR_IRQHandler                   0x08000353   Thumb Code     0  startup_stm32h750xx.o(.text)
    DMAMUX2_OVR_IRQHandler                   0x08000353   Thumb Code     0  startup_stm32h750xx.o(.text)
    ECC_IRQHandler                           0x08000353   Thumb Code     0  startup_stm32h750xx.o(.text)
    ETH_IRQHandler                           0x08000353   Thumb Code     0  startup_stm32h750xx.o(.text)
    ETH_WKUP_IRQHandler                      0x08000353   Thumb Code     0  startup_stm32h750xx.o(.text)
    EXTI0_IRQHandler                         0x08000353   Thumb Code     0  startup_stm32h750xx.o(.text)
    EXTI15_10_IRQHandler                     0x08000353   Thumb Code     0  startup_stm32h750xx.o(.text)
    EXTI1_IRQHandler                         0x08000353   Thumb Code     0  startup_stm32h750xx.o(.text)
    EXTI2_IRQHandler                         0x08000353   Thumb Code     0  startup_stm32h750xx.o(.text)
    EXTI3_IRQHandler                         0x08000353   Thumb Code     0  startup_stm32h750xx.o(.text)
    EXTI4_IRQHandler                         0x08000353   Thumb Code     0  startup_stm32h750xx.o(.text)
    FDCAN1_IT0_IRQHandler                    0x08000353   Thumb Code     0  startup_stm32h750xx.o(.text)
    FDCAN1_IT1_IRQHandler                    0x08000353   Thumb Code     0  startup_stm32h750xx.o(.text)
    FDCAN2_IT0_IRQHandler                    0x08000353   Thumb Code     0  startup_stm32h750xx.o(.text)
    FDCAN2_IT1_IRQHandler                    0x08000353   Thumb Code     0  startup_stm32h750xx.o(.text)
    FDCAN_CAL_IRQHandler                     0x08000353   Thumb Code     0  startup_stm32h750xx.o(.text)
    FLASH_IRQHandler                         0x08000353   Thumb Code     0  startup_stm32h750xx.o(.text)
    FMC_IRQHandler                           0x08000353   Thumb Code     0  startup_stm32h750xx.o(.text)
    FPU_IRQHandler                           0x08000353   Thumb Code     0  startup_stm32h750xx.o(.text)
    HASH_RNG_IRQHandler                      0x08000353   Thumb Code     0  startup_stm32h750xx.o(.text)
    HRTIM1_FLT_IRQHandler                    0x08000353   Thumb Code     0  startup_stm32h750xx.o(.text)
    HRTIM1_Master_IRQHandler                 0x08000353   Thumb Code     0  startup_stm32h750xx.o(.text)
    HRTIM1_TIMA_IRQHandler                   0x08000353   Thumb Code     0  startup_stm32h750xx.o(.text)
    HRTIM1_TIMB_IRQHandler                   0x08000353   Thumb Code     0  startup_stm32h750xx.o(.text)
    HRTIM1_TIMC_IRQHandler                   0x08000353   Thumb Code     0  startup_stm32h750xx.o(.text)
    HRTIM1_TIMD_IRQHandler                   0x08000353   Thumb Code     0  startup_stm32h750xx.o(.text)
    HRTIM1_TIME_IRQHandler                   0x08000353   Thumb Code     0  startup_stm32h750xx.o(.text)
    HSEM1_IRQHandler                         0x08000353   Thumb Code     0  startup_stm32h750xx.o(.text)
    I2C1_ER_IRQHandler                       0x08000353   Thumb Code     0  startup_stm32h750xx.o(.text)
    I2C1_EV_IRQHandler                       0x08000353   Thumb Code     0  startup_stm32h750xx.o(.text)
    I2C2_ER_IRQHandler                       0x08000353   Thumb Code     0  startup_stm32h750xx.o(.text)
    I2C2_EV_IRQHandler                       0x08000353   Thumb Code     0  startup_stm32h750xx.o(.text)
    I2C3_ER_IRQHandler                       0x08000353   Thumb Code     0  startup_stm32h750xx.o(.text)
    I2C3_EV_IRQHandler                       0x08000353   Thumb Code     0  startup_stm32h750xx.o(.text)
    I2C4_ER_IRQHandler                       0x08000353   Thumb Code     0  startup_stm32h750xx.o(.text)
    I2C4_EV_IRQHandler                       0x08000353   Thumb Code     0  startup_stm32h750xx.o(.text)
    JPEG_IRQHandler                          0x08000353   Thumb Code     0  startup_stm32h750xx.o(.text)
    LPTIM1_IRQHandler                        0x08000353   Thumb Code     0  startup_stm32h750xx.o(.text)
    LPTIM2_IRQHandler                        0x08000353   Thumb Code     0  startup_stm32h750xx.o(.text)
    LPTIM3_IRQHandler                        0x08000353   Thumb Code     0  startup_stm32h750xx.o(.text)
    LPTIM4_IRQHandler                        0x08000353   Thumb Code     0  startup_stm32h750xx.o(.text)
    LPTIM5_IRQHandler                        0x08000353   Thumb Code     0  startup_stm32h750xx.o(.text)
    LPUART1_IRQHandler                       0x08000353   Thumb Code     0  startup_stm32h750xx.o(.text)
    LTDC_ER_IRQHandler                       0x08000353   Thumb Code     0  startup_stm32h750xx.o(.text)
    LTDC_IRQHandler                          0x08000353   Thumb Code     0  startup_stm32h750xx.o(.text)
    MDIOS_IRQHandler                         0x08000353   Thumb Code     0  startup_stm32h750xx.o(.text)
    MDIOS_WKUP_IRQHandler                    0x08000353   Thumb Code     0  startup_stm32h750xx.o(.text)
    MDMA_IRQHandler                          0x08000353   Thumb Code     0  startup_stm32h750xx.o(.text)
    OTG_FS_EP1_IN_IRQHandler                 0x08000353   Thumb Code     0  startup_stm32h750xx.o(.text)
    OTG_FS_EP1_OUT_IRQHandler                0x08000353   Thumb Code     0  startup_stm32h750xx.o(.text)
    OTG_FS_IRQHandler                        0x08000353   Thumb Code     0  startup_stm32h750xx.o(.text)
    OTG_FS_WKUP_IRQHandler                   0x08000353   Thumb Code     0  startup_stm32h750xx.o(.text)
    OTG_HS_EP1_IN_IRQHandler                 0x08000353   Thumb Code     0  startup_stm32h750xx.o(.text)
    OTG_HS_EP1_OUT_IRQHandler                0x08000353   Thumb Code     0  startup_stm32h750xx.o(.text)
    OTG_HS_IRQHandler                        0x08000353   Thumb Code     0  startup_stm32h750xx.o(.text)
    OTG_HS_WKUP_IRQHandler                   0x08000353   Thumb Code     0  startup_stm32h750xx.o(.text)
    PVD_AVD_IRQHandler                       0x08000353   Thumb Code     0  startup_stm32h750xx.o(.text)
    QUADSPI_IRQHandler                       0x08000353   Thumb Code     0  startup_stm32h750xx.o(.text)
    RCC_IRQHandler                           0x08000353   Thumb Code     0  startup_stm32h750xx.o(.text)
    RTC_Alarm_IRQHandler                     0x08000353   Thumb Code     0  startup_stm32h750xx.o(.text)
    RTC_WKUP_IRQHandler                      0x08000353   Thumb Code     0  startup_stm32h750xx.o(.text)
    SAI1_IRQHandler                          0x08000353   Thumb Code     0  startup_stm32h750xx.o(.text)
    SAI2_IRQHandler                          0x08000353   Thumb Code     0  startup_stm32h750xx.o(.text)
    SAI3_IRQHandler                          0x08000353   Thumb Code     0  startup_stm32h750xx.o(.text)
    SAI4_IRQHandler                          0x08000353   Thumb Code     0  startup_stm32h750xx.o(.text)
    SDMMC1_IRQHandler                        0x08000353   Thumb Code     0  startup_stm32h750xx.o(.text)
    SDMMC2_IRQHandler                        0x08000353   Thumb Code     0  startup_stm32h750xx.o(.text)
    SPDIF_RX_IRQHandler                      0x08000353   Thumb Code     0  startup_stm32h750xx.o(.text)
    SPI1_IRQHandler                          0x08000353   Thumb Code     0  startup_stm32h750xx.o(.text)
    SPI2_IRQHandler                          0x08000353   Thumb Code     0  startup_stm32h750xx.o(.text)
    SPI3_IRQHandler                          0x08000353   Thumb Code     0  startup_stm32h750xx.o(.text)
    SPI4_IRQHandler                          0x08000353   Thumb Code     0  startup_stm32h750xx.o(.text)
    SPI5_IRQHandler                          0x08000353   Thumb Code     0  startup_stm32h750xx.o(.text)
    SPI6_IRQHandler                          0x08000353   Thumb Code     0  startup_stm32h750xx.o(.text)
    SWPMI1_IRQHandler                        0x08000353   Thumb Code     0  startup_stm32h750xx.o(.text)
    TAMP_STAMP_IRQHandler                    0x08000353   Thumb Code     0  startup_stm32h750xx.o(.text)
    TIM16_IRQHandler                         0x08000353   Thumb Code     0  startup_stm32h750xx.o(.text)
    TIM17_IRQHandler                         0x08000353   Thumb Code     0  startup_stm32h750xx.o(.text)
    TIM1_BRK_IRQHandler                      0x08000353   Thumb Code     0  startup_stm32h750xx.o(.text)
    TIM1_CC_IRQHandler                       0x08000353   Thumb Code     0  startup_stm32h750xx.o(.text)
    TIM1_TRG_COM_IRQHandler                  0x08000353   Thumb Code     0  startup_stm32h750xx.o(.text)
    TIM2_IRQHandler                          0x08000353   Thumb Code     0  startup_stm32h750xx.o(.text)
    TIM3_IRQHandler                          0x08000353   Thumb Code     0  startup_stm32h750xx.o(.text)
    TIM4_IRQHandler                          0x08000353   Thumb Code     0  startup_stm32h750xx.o(.text)
    TIM5_IRQHandler                          0x08000353   Thumb Code     0  startup_stm32h750xx.o(.text)
    TIM6_DAC_IRQHandler                      0x08000353   Thumb Code     0  startup_stm32h750xx.o(.text)
    TIM7_IRQHandler                          0x08000353   Thumb Code     0  startup_stm32h750xx.o(.text)
    TIM8_BRK_TIM12_IRQHandler                0x08000353   Thumb Code     0  startup_stm32h750xx.o(.text)
    TIM8_CC_IRQHandler                       0x08000353   Thumb Code     0  startup_stm32h750xx.o(.text)
    TIM8_TRG_COM_TIM14_IRQHandler            0x08000353   Thumb Code     0  startup_stm32h750xx.o(.text)
    TIM8_UP_TIM13_IRQHandler                 0x08000353   Thumb Code     0  startup_stm32h750xx.o(.text)
    UART4_IRQHandler                         0x08000353   Thumb Code     0  startup_stm32h750xx.o(.text)
    UART5_IRQHandler                         0x08000353   Thumb Code     0  startup_stm32h750xx.o(.text)
    UART7_IRQHandler                         0x08000353   Thumb Code     0  startup_stm32h750xx.o(.text)
    UART8_IRQHandler                         0x08000353   Thumb Code     0  startup_stm32h750xx.o(.text)
    USART2_IRQHandler                        0x08000353   Thumb Code     0  startup_stm32h750xx.o(.text)
    USART3_IRQHandler                        0x08000353   Thumb Code     0  startup_stm32h750xx.o(.text)
    USART6_IRQHandler                        0x08000353   Thumb Code     0  startup_stm32h750xx.o(.text)
    WAKEUP_PIN_IRQHandler                    0x08000353   Thumb Code     0  startup_stm32h750xx.o(.text)
    WWDG_IRQHandler                          0x08000353   Thumb Code     0  startup_stm32h750xx.o(.text)
    __user_initial_stackheap                 0x08000355   Thumb Code     0  startup_stm32h750xx.o(.text)
    __use_no_semihosting                     0x08000379   Thumb Code     2  use_no_semi_2.o(.text)
    __aeabi_uldivmod                         0x0800037b   Thumb Code     0  lludivv7m.o(.text)
    _ll_udiv                                 0x0800037b   Thumb Code   238  lludivv7m.o(.text)
    __aeabi_memclr4                          0x08000469   Thumb Code     0  rt_memclr_w.o(.text)
    __aeabi_memclr8                          0x08000469   Thumb Code     0  rt_memclr_w.o(.text)
    __rt_memclr_w                            0x08000469   Thumb Code    78  rt_memclr_w.o(.text)
    _memset_w                                0x0800046d   Thumb Code     0  rt_memclr_w.o(.text)
    __use_two_region_memory                  0x080004b7   Thumb Code     2  heapauxi.o(.text)
    __rt_heap_escrow$2region                 0x080004b9   Thumb Code     2  heapauxi.o(.text)
    __rt_heap_expand$2region                 0x080004bb   Thumb Code     2  heapauxi.o(.text)
    __semihosting$guard                      0x080004bd   Thumb Code     0  use_no_semi.o(.text)
    __use_no_semihosting_swi                 0x080004bd   Thumb Code     2  use_no_semi.o(.text)
    __user_setup_stackheap                   0x080004bf   Thumb Code    74  sys_stackheap_outer.o(.text)
    exit                                     0x08000509   Thumb Code    18  exit.o(.text)
    __user_libspace                          0x0800051d   Thumb Code     8  libspace.o(.text)
    __user_perproc_libspace                  0x0800051d   Thumb Code     0  libspace.o(.text)
    __user_perthread_libspace                0x0800051d   Thumb Code     0  libspace.o(.text)
    Long Thumb to Thumb Veneer to HAL_GPIO_EXTI_Callback 0x08000525   Thumb Code    10  anon$$obj.o(Veneer$$Code)
    Long Thumb to Thumb Veneer to HAL_UART_Receive_IT 0x0800052f   Thumb Code    10  anon$$obj.o(Veneer$$Code)
    Long Thumb to Thumb Veneer to HAL_UART_IRQHandler 0x08000539   Thumb Code    10  anon$$obj.o(Veneer$$Code)
    Long Thumb to Thumb Veneer to exti_init  0x08000543   Thumb Code    10  anon$$obj.o(Veneer$$Code)
    Long Thumb to Thumb Veneer to led_init   0x0800054d   Thumb Code    10  anon$$obj.o(Veneer$$Code)
    Long Thumb to Thumb Veneer to key_init   0x08000557   Thumb Code    10  anon$$obj.o(Veneer$$Code)
    Long Thumb to Thumb Veneer to atim_timx_chy_npwm_init 0x08000561   Thumb Code    10  anon$$obj.o(Veneer$$Code)
    Long Thumb to Thumb Veneer to key_scan   0x0800056b   Thumb Code    10  anon$$obj.o(Veneer$$Code)
    Long Thumb to Thumb Veneer to HAL_TIM_PWM_Start 0x08000575   Thumb Code    10  anon$$obj.o(Veneer$$Code)
    Long Thumb to Thumb Veneer to HAL_TIM_PWM_Stop 0x0800057f   Thumb Code    10  anon$$obj.o(Veneer$$Code)
    Long Thumb to Thumb Veneer to atim_timx_chy_npwm_set 0x08000589   Thumb Code    10  anon$$obj.o(Veneer$$Code)
    Long Thumb to Thumb Veneer to atim_tim15_chy_npwm_set 0x08000593   Thumb Code    10  anon$$obj.o(Veneer$$Code)
    Long Thumb to Thumb Veneer to HAL_UART_Init 0x0800059d   Thumb Code    10  anon$$obj.o(Veneer$$Code)
    BusFault_Handler                         0x080005a7   Thumb Code     4  stm32h7xx_it.o(i.BusFault_Handler)
    DebugMon_Handler                         0x080005ab   Thumb Code     2  stm32h7xx_it.o(i.DebugMon_Handler)
    HAL_DMA_Abort                            0x080005ad   Thumb Code  1236  stm32h7xx_hal_dma.o(i.HAL_DMA_Abort)
    HAL_DMA_Abort_IT                         0x08000a89   Thumb Code   906  stm32h7xx_hal_dma.o(i.HAL_DMA_Abort_IT)
    HAL_EnableCompensationCell               0x08000e21   Thumb Code    14  stm32h7xx_hal.o(i.HAL_EnableCompensationCell)
    HAL_GPIO_DeInit                          0x08000e35   Thumb Code   328  stm32h7xx_hal_gpio.o(i.HAL_GPIO_DeInit)
    HAL_GPIO_EXTI_IRQHandler                 0x08000fad   Thumb Code    24  stm32h7xx_hal_gpio.o(i.HAL_GPIO_EXTI_IRQHandler)
    HAL_GPIO_Init                            0x08000fc9   Thumb Code   456  stm32h7xx_hal_gpio.o(i.HAL_GPIO_Init)
    HAL_GPIO_ReadPin                         0x080011c5   Thumb Code    16  stm32h7xx_hal_gpio.o(i.HAL_GPIO_ReadPin)
    HAL_GPIO_TogglePin                       0x080011d5   Thumb Code    20  stm32h7xx_hal_gpio.o(i.HAL_GPIO_TogglePin)
    HAL_GPIO_WritePin                        0x080011e9   Thumb Code    12  stm32h7xx_hal_gpio.o(i.HAL_GPIO_WritePin)
    HAL_GetREVID                             0x080011f5   Thumb Code     8  stm32h7xx_hal.o(i.HAL_GetREVID)
    HAL_GetTick                              0x08001201   Thumb Code     6  stm32h7xx_hal.o(i.HAL_GetTick)
    HAL_IncTick                              0x0800120d   Thumb Code    16  stm32h7xx_hal.o(i.HAL_IncTick)
    HAL_Init                                 0x08001225   Thumb Code    80  stm32h7xx_hal.o(i.HAL_Init)
    HAL_InitTick                             0x08001285   Thumb Code    74  stm32h7xx_hal.o(i.HAL_InitTick)
    HAL_MPU_ConfigRegion                     0x080012dd   Thumb Code    88  stm32h7xx_hal_cortex.o(i.HAL_MPU_ConfigRegion)
    HAL_MPU_Disable                          0x08001339   Thumb Code    38  stm32h7xx_hal_cortex.o(i.HAL_MPU_Disable)
    HAL_MPU_Enable                           0x08001365   Thumb Code    58  stm32h7xx_hal_cortex.o(i.HAL_MPU_Enable)
    HAL_MspInit                              0x080013a5   Thumb Code     2  stm32h7xx_hal.o(i.HAL_MspInit)
    HAL_NVIC_EnableIRQ                       0x080013a7   Thumb Code    40  stm32h7xx_hal_cortex.o(i.HAL_NVIC_EnableIRQ)
    HAL_NVIC_SetPriority                     0x080013cf   Thumb Code   122  stm32h7xx_hal_cortex.o(i.HAL_NVIC_SetPriority)
    HAL_NVIC_SetPriorityGrouping             0x08001449   Thumb Code    32  stm32h7xx_hal_cortex.o(i.HAL_NVIC_SetPriorityGrouping)
    HAL_PWREx_ConfigSupply                   0x08001471   Thumb Code    90  stm32h7xx_hal_pwr_ex.o(i.HAL_PWREx_ConfigSupply)
    HAL_QSPI_AutoPolling                     0x080014d1   Thumb Code   202  stm32h7xx_hal_qspi.o(i.HAL_QSPI_AutoPolling)
    HAL_QSPI_Command                         0x0800159b   Thumb Code   164  stm32h7xx_hal_qspi.o(i.HAL_QSPI_Command)
    HAL_QSPI_DeInit                          0x0800163f   Thumb Code    40  stm32h7xx_hal_qspi.o(i.HAL_QSPI_DeInit)
    HAL_QSPI_Init                            0x08001669   Thumb Code   168  stm32h7xx_hal_qspi.o(i.HAL_QSPI_Init)
    HAL_QSPI_MemoryMapped                    0x08001719   Thumb Code   172  stm32h7xx_hal_qspi.o(i.HAL_QSPI_MemoryMapped)
    HAL_QSPI_MspDeInit                       0x080017c5   Thumb Code    44  sys.o(i.HAL_QSPI_MspDeInit)
    HAL_QSPI_MspInit                         0x080017fd   Thumb Code   212  sys.o(i.HAL_QSPI_MspInit)
    HAL_QSPI_SetTimeout                      0x080018e5   Thumb Code     4  stm32h7xx_hal_qspi.o(i.HAL_QSPI_SetTimeout)
    HAL_RCCEx_GetD3PCLK1Freq                 0x080018e9   Thumb Code    26  stm32h7xx_hal_rcc_ex.o(i.HAL_RCCEx_GetD3PCLK1Freq)
    HAL_RCCEx_GetPLL2ClockFreq               0x0800190d   Thumb Code   536  stm32h7xx_hal_rcc_ex.o(i.HAL_RCCEx_GetPLL2ClockFreq)
    HAL_RCCEx_GetPLL3ClockFreq               0x08001b3d   Thumb Code   536  stm32h7xx_hal_rcc_ex.o(i.HAL_RCCEx_GetPLL3ClockFreq)
    HAL_RCCEx_PeriphCLKConfig                0x08001d6d   Thumb Code  3432  stm32h7xx_hal_rcc_ex.o(i.HAL_RCCEx_PeriphCLKConfig)
    HAL_RCC_ClockConfig                      0x08002ad5   Thumb Code   774  stm32h7xx_hal_rcc.o(i.HAL_RCC_ClockConfig)
    HAL_RCC_GetHCLKFreq                      0x08002df5   Thumb Code    60  stm32h7xx_hal_rcc.o(i.HAL_RCC_GetHCLKFreq)
    HAL_RCC_GetPCLK1Freq                     0x08002e41   Thumb Code    26  stm32h7xx_hal_rcc.o(i.HAL_RCC_GetPCLK1Freq)
    HAL_RCC_GetPCLK2Freq                     0x08002e65   Thumb Code    26  stm32h7xx_hal_rcc.o(i.HAL_RCC_GetPCLK2Freq)
    HAL_RCC_GetSysClockFreq                  0x08002e89   Thumb Code   524  stm32h7xx_hal_rcc.o(i.HAL_RCC_GetSysClockFreq)
    HAL_RCC_OscConfig                        0x080030b5   Thumb Code  2130  stm32h7xx_hal_rcc.o(i.HAL_RCC_OscConfig)
    HAL_SYSCFG_CompensationCodeSelect        0x0800390d   Thumb Code    16  stm32h7xx_hal.o(i.HAL_SYSCFG_CompensationCodeSelect)
    HAL_SYSTICK_Config                       0x08003921   Thumb Code    52  stm32h7xx_hal_cortex.o(i.HAL_SYSTICK_Config)
    HAL_UART_MspInit                         0x08003955   Thumb Code   208  usart.o(i.HAL_UART_MspInit)
    HAL_UART_RxCpltCallback                  0x08003a35   Thumb Code   134  usart.o(i.HAL_UART_RxCpltCallback)
    HardFault_Handler                        0x08003ad1   Thumb Code     4  stm32h7xx_it.o(i.HardFault_Handler)
    MemManage_Handler                        0x08003ad5   Thumb Code     4  stm32h7xx_it.o(i.MemManage_Handler)
    NMI_Handler                              0x08003ad9   Thumb Code     2  stm32h7xx_it.o(i.NMI_Handler)
    PendSV_Handler                           0x08003adb   Thumb Code     2  stm32h7xx_it.o(i.PendSV_Handler)
    SVC_Handler                              0x08003fd9   Thumb Code     2  stm32h7xx_it.o(i.SVC_Handler)
    SysTick_Handler                          0x08003fdb   Thumb Code     8  stm32h7xx_it.o(i.SysTick_Handler)
    SystemInit                               0x08003fe5   Thumb Code   212  system_stm32h7xx.o(i.SystemInit)
    USART1_IRQHandler                        0x080040e1   Thumb Code    10  usart.o(i.USART1_IRQHandler)
    UsageFault_Handler                       0x080040f1   Thumb Code     4  stm32h7xx_it.o(i.UsageFault_Handler)
    _sys_exit                                0x0800412d   Thumb Code     4  usart.o(i._sys_exit)
    delay_init                               0x08004131   Thumb Code     6  delay.o(i.delay_init)
    delay_ms                                 0x0800413d   Thumb Code    18  delay.o(i.delay_ms)
    delay_us                                 0x08004151   Thumb Code    68  delay.o(i.delay_us)
    fputc                                    0x08004199   Thumb Code    22  usart.o(i.fputc)
    main                                     0x080041b5   Thumb Code   210  main.o(i.main)
    sys_cache_enable                         0x08004295   Thumb Code   310  sys.o(i.sys_cache_enable)
    sys_qspi_enable_memmapmode               0x080043d5   Thumb Code   330  sys.o(i.sys_qspi_enable_memmapmode)
    sys_stm32_clock_init                     0x08004525   Thumb Code   358  sys.o(i.sys_stm32_clock_init)
    usart_init                               0x0800469d   Thumb Code    44  usart.o(i.usart_init)
    _fp_init                                 0x080046d5   Thumb Code    10  fpinit.o(x$fpl$fpinit)
    __fplib_config_fpu_vfp                   0x080046dd   Thumb Code     0  fpinit.o(x$fpl$fpinit)
    __fplib_config_pureend_doubles           0x080046dd   Thumb Code     0  fpinit.o(x$fpl$fpinit)
    D1CorePrescTable                         0x080046de   Data          16  system_stm32h7xx.o(.constdata)
    Region$$Table$$Base                      0x080046f0   Number         0  anon$$obj.o(Region$$Table)
    Region$$Table$$Limit                     0x08004710   Number         0  anon$$obj.o(Region$$Table)
    SystemCoreClock                          0x24000000   Data           4  system_stm32h7xx.o(.data)
    SystemD2Clock                            0x24000004   Data           4  system_stm32h7xx.o(.data)
    __stdout                                 0x2400000c   Data           4  usart.o(.data)
    g_usart_rx_sta                           0x24000010   Data           2  usart.o(.data)
    g_rx_buffer                              0x24000012   Data           1  usart.o(.data)
    uwTick                                   0x24000014   Data           4  stm32h7xx_hal.o(.data)
    uwTickPrio                               0x24000018   Data           4  stm32h7xx_hal.o(.data)
    uwTickFreq                               0x2400001c   Data           1  stm32h7xx_hal.o(.data)
    g_timx_chy_npwm_remain                   0x24000020   Data           4  atim.o(.data)
    g_tim3_encode_count                      0x24000024   Data           4  spinencoder.o(.data)
    g_tim4_encode_count                      0x24000028   Data           4  spinencoder.o(.data)
    g_tim5_encode_count                      0x2400002c   Data           4  spinencoder.o(.data)
    rcc_periph_clk_init_struct               0x24000030   Data         192  sys.o(.bss)
    g_usart_rx_buf                           0x240000f0   Data         200  usart.o(.bss)
    g_uart1_handle                           0x240001b8   Data         148  usart.o(.bss)
    g_timx_npwm_handle                       0x2400024c   Data          76  atim.o(.bss)
    g_tim15_npwm_handle                      0x24000298   Data          76  atim.o(.bss)
    g_timx_comp_handle                       0x240002e4   Data          76  atim.o(.bss)
    g_timx_cplm_handle                       0x24000330   Data          76  atim.o(.bss)
    g_timx_pwmin_handle                      0x2400037c   Data          76  atim.o(.bss)
    __libspace_start                         0x240003c8   Data          96  libspace.o(.bss)
    __temporary_stack_top$libspace           0x24000428   Data           0  libspace.o(.bss)
    _printf_d                                0x90000001   Thumb Code     0  _printf_d.o(.ARM.Collect$$_printf_percent$$00000009)
    _printf_percent                          0x90000001   Thumb Code     0  _printf_percent.o(.ARM.Collect$$_printf_percent$$00000000)
    _printf_percent_end                      0x90000007   Thumb Code     0  _printf_percent_end.o(.ARM.Collect$$_printf_percent$$00000017)
    __2printf                                0x9000000d   Thumb Code    20  noretval__2printf.o(.text)
    _printf_pre_padding                      0x90000025   Thumb Code    44  _printf_pad.o(.text)
    _printf_post_padding                     0x90000051   Thumb Code    34  _printf_pad.o(.text)
    _printf_int_dec                          0x90000075   Thumb Code   104  _printf_dec.o(.text)
    __printf                                 0x900000ed   Thumb Code   270  __printf_wp.o(.text)
    _printf_int_common                       0x900001fb   Thumb Code   178  _printf_intcommon.o(.text)
    _printf_char_file                        0x900002ad   Thumb Code    32  _printf_char_file.o(.text)
    _printf_char_common                      0x900002db   Thumb Code    32  _printf_char_common.o(.text)
    ferror                                   0x90000301   Thumb Code     8  ferror.o(.text)
    Long Thumb to Thumb Veneer to HAL_GPIO_EXTI_IRQHandler 0x90000309   Thumb Code    10  anon$$obj.o(Veneer$$Code)
    Long Thumb to Thumb Veneer to HAL_GPIO_ReadPin 0x90000313   Thumb Code    10  anon$$obj.o(Veneer$$Code)
    Long Thumb to Thumb Veneer to HAL_DMA_Abort_IT 0x9000031d   Thumb Code    10  anon$$obj.o(Veneer$$Code)
    Long Thumb to Thumb Veneer to HAL_DMA_Abort 0x90000327   Thumb Code    10  anon$$obj.o(Veneer$$Code)
    Long Thumb to Thumb Veneer to HAL_UART_MspInit 0x90000331   Thumb Code    10  anon$$obj.o(Veneer$$Code)
    Long Thumb to Thumb Veneer to HAL_GetTick 0x9000033b   Thumb Code    10  anon$$obj.o(Veneer$$Code)
    Long Thumb to Thumb Veneer to HAL_UART_RxCpltCallback 0x90000345   Thumb Code    10  anon$$obj.o(Veneer$$Code)
    Long Thumb to Thumb Veneer to HAL_RCCEx_GetD3PCLK1Freq 0x9000034f   Thumb Code    10  anon$$obj.o(Veneer$$Code)
    Long Thumb to Thumb Veneer to HAL_RCCEx_GetPLL2ClockFreq 0x90000359   Thumb Code    10  anon$$obj.o(Veneer$$Code)
    Long Thumb to Thumb Veneer to HAL_RCCEx_GetPLL3ClockFreq 0x90000363   Thumb Code    10  anon$$obj.o(Veneer$$Code)
    Long Thumb to Thumb Veneer to __aeabi_uldivmod 0x9000036d   Thumb Code    10  anon$$obj.o(Veneer$$Code)
    Long Thumb to Thumb Veneer to HAL_RCC_GetPCLK1Freq 0x90000377   Thumb Code    10  anon$$obj.o(Veneer$$Code)
    Long Thumb to Thumb Veneer to HAL_RCC_GetPCLK2Freq 0x90000381   Thumb Code    10  anon$$obj.o(Veneer$$Code)
    Long Thumb to Thumb Veneer to __aeabi_memclr4 0x9000038b   Thumb Code    10  anon$$obj.o(Veneer$$Code)
    Long Thumb to Thumb Veneer to HAL_GPIO_Init 0x90000395   Thumb Code    10  anon$$obj.o(Veneer$$Code)
    Long Thumb to Thumb Veneer to HAL_NVIC_SetPriority 0x9000039f   Thumb Code    10  anon$$obj.o(Veneer$$Code)
    Long Thumb to Thumb Veneer to HAL_NVIC_EnableIRQ 0x900003a9   Thumb Code    10  anon$$obj.o(Veneer$$Code)
    Long Thumb to Thumb Veneer to delay_ms   0x900003b3   Thumb Code    10  anon$$obj.o(Veneer$$Code)
    Long Thumb to Thumb Veneer to HAL_GPIO_WritePin 0x900003bd   Thumb Code    10  anon$$obj.o(Veneer$$Code)
    EXTI9_5_IRQHandler                       0x900003c7   Thumb Code    32  spinencoder.o(i.EXTI9_5_IRQHandler)
    HAL_GPIO_EXTI_Callback                   0x900003e9   Thumb Code   246  spinencoder.o(i.HAL_GPIO_EXTI_Callback)
    HAL_TIM_GenerateEvent                    0x90000541   Thumb Code    54  stm32h7xx_hal_tim.o(i.HAL_TIM_GenerateEvent)
    HAL_TIM_PWM_ConfigChannel                0x90000577   Thumb Code   368  stm32h7xx_hal_tim.o(i.HAL_TIM_PWM_ConfigChannel)
    HAL_TIM_PWM_Init                         0x900006e7   Thumb Code   110  stm32h7xx_hal_tim.o(i.HAL_TIM_PWM_Init)
    HAL_TIM_PWM_MspInit                      0x90000755   Thumb Code     2  stm32h7xx_hal_tim.o(i.HAL_TIM_PWM_MspInit)
    HAL_TIM_PWM_Start                        0x90000759   Thumb Code   314  stm32h7xx_hal_tim.o(i.HAL_TIM_PWM_Start)
    HAL_TIM_PWM_Stop                         0x900008bd   Thumb Code   208  stm32h7xx_hal_tim.o(i.HAL_TIM_PWM_Stop)
    HAL_UARTEx_RxEventCallback               0x900009a1   Thumb Code     2  stm32h7xx_hal_uart.o(i.HAL_UARTEx_RxEventCallback)
    HAL_UARTEx_RxFifoFullCallback            0x900009a3   Thumb Code     2  stm32h7xx_hal_uart_ex.o(i.HAL_UARTEx_RxFifoFullCallback)
    HAL_UARTEx_TxFifoEmptyCallback           0x900009a5   Thumb Code     2  stm32h7xx_hal_uart_ex.o(i.HAL_UARTEx_TxFifoEmptyCallback)
    HAL_UARTEx_WakeupCallback                0x900009a7   Thumb Code     2  stm32h7xx_hal_uart_ex.o(i.HAL_UARTEx_WakeupCallback)
    HAL_UART_ErrorCallback                   0x900009a9   Thumb Code     2  stm32h7xx_hal_uart.o(i.HAL_UART_ErrorCallback)
    HAL_UART_IRQHandler                      0x900009ad   Thumb Code  1172  stm32h7xx_hal_uart.o(i.HAL_UART_IRQHandler)
    HAL_UART_Init                            0x90000e41   Thumb Code   120  stm32h7xx_hal_uart.o(i.HAL_UART_Init)
    HAL_UART_Receive_IT                      0x90000eb9   Thumb Code    88  stm32h7xx_hal_uart.o(i.HAL_UART_Receive_IT)
    HAL_UART_TxCpltCallback                  0x90000f15   Thumb Code     2  stm32h7xx_hal_uart.o(i.HAL_UART_TxCpltCallback)
    TIM15_IRQHandler                         0x90000f19   Thumb Code   116  atim.o(i.TIM15_IRQHandler)
    TIM1_UP_IRQHandler                       0x90000f99   Thumb Code   116  atim.o(i.TIM1_UP_IRQHandler)
    TIM_Base_SetConfig                       0x90001019   Thumb Code   170  stm32h7xx_hal_tim.o(i.TIM_Base_SetConfig)
    TIM_CCxChannelCmd                        0x900010e5   Thumb Code    34  stm32h7xx_hal_tim.o(i.TIM_CCxChannelCmd)
    TIM_OC2_SetConfig                        0x900011b5   Thumb Code   156  stm32h7xx_hal_tim.o(i.TIM_OC2_SetConfig)
    UART_AdvFeatureConfig                    0x90001471   Thumb Code   248  stm32h7xx_hal_uart.o(i.UART_AdvFeatureConfig)
    UART_CheckIdleState                      0x90001569   Thumb Code   234  stm32h7xx_hal_uart.o(i.UART_CheckIdleState)
    UART_SetConfig                           0x90001d05   Thumb Code  1402  stm32h7xx_hal_uart.o(i.UART_SetConfig)
    UART_Start_Receive_IT                    0x90002291   Thumb Code   332  stm32h7xx_hal_uart.o(i.UART_Start_Receive_IT)
    UART_WaitOnFlagUntilTimeout              0x900023ed   Thumb Code   162  stm32h7xx_hal_uart.o(i.UART_WaitOnFlagUntilTimeout)
    _is_digit                                0x9000248f   Thumb Code    14  __printf_wp.o(i._is_digit)
    atim_tim15_chy_npwm_set                  0x9000249d   Thumb Code    24  atim.o(i.atim_tim15_chy_npwm_set)
    atim_timx_chy_npwm_init                  0x900024bd   Thumb Code   402  atim.o(i.atim_timx_chy_npwm_init)
    atim_timx_chy_npwm_set                   0x90002669   Thumb Code    24  atim.o(i.atim_timx_chy_npwm_set)
    exti_init                                0x90002689   Thumb Code   222  spinencoder.o(i.exti_init)
    key_init                                 0x90002779   Thumb Code   236  key.o(i.key_init)
    key_scan                                 0x90002875   Thumb Code   284  key.o(i.key_scan)
    led_init                                 0x900029a1   Thumb Code   152  led.o(i.led_init)
    UARTPrescTable                           0x90002a40   Data          24  stm32h7xx_hal_uart.o(.constdata)



==============================================================================

Memory Map of the image

  Image Entry point : 0x08000299

  Load Region LR_m_stmflash (Base: 0x08000000, Size: 0x00004740, Max: 0x00020000, ABSOLUTE)

    Execution Region ER_m_stmflash (Exec base: 0x08000000, Load base: 0x08000000, Size: 0x00004710, Max: 0x00020000, ABSOLUTE)

    Exec Addr    Load Addr    Size         Type   Attr      Idx    E Section Name        Object

    0x08000000   0x08000000   0x00000298   Data   RO            3    RESET               startup_stm32h750xx.o
    0x08000298   0x08000298   0x00000008   Code   RO         4107  * !!!main             c_w.l(__main.o)
    0x080002a0   0x080002a0   0x00000034   Code   RO         4282    !!!scatter          c_w.l(__scatter.o)
    0x080002d4   0x080002d4   0x0000001a   Code   RO         4284    !!handler_copy      c_w.l(__scatter_copy.o)
    0x080002ee   0x080002ee   0x00000002   PAD
    0x080002f0   0x080002f0   0x0000001c   Code   RO         4286    !!handler_zi        c_w.l(__scatter_zi.o)
    0x0800030c   0x0800030c   0x00000002   Code   RO         4159    .ARM.Collect$$libinit$$00000000  c_w.l(libinit.o)
    0x0800030e   0x0800030e   0x00000004   Code   RO         4171    .ARM.Collect$$libinit$$00000001  c_w.l(libinit2.o)
    0x08000312   0x08000312   0x00000000   Code   RO         4174    .ARM.Collect$$libinit$$00000004  c_w.l(libinit2.o)
    0x08000312   0x08000312   0x00000000   Code   RO         4177    .ARM.Collect$$libinit$$0000000A  c_w.l(libinit2.o)
    0x08000312   0x08000312   0x00000000   Code   RO         4179    .ARM.Collect$$libinit$$0000000C  c_w.l(libinit2.o)
    0x08000312   0x08000312   0x00000000   Code   RO         4181    .ARM.Collect$$libinit$$0000000E  c_w.l(libinit2.o)
    0x08000312   0x08000312   0x00000000   Code   RO         4184    .ARM.Collect$$libinit$$00000011  c_w.l(libinit2.o)
    0x08000312   0x08000312   0x00000000   Code   RO         4186    .ARM.Collect$$libinit$$00000013  c_w.l(libinit2.o)
    0x08000312   0x08000312   0x00000000   Code   RO         4188    .ARM.Collect$$libinit$$00000015  c_w.l(libinit2.o)
    0x08000312   0x08000312   0x00000000   Code   RO         4190    .ARM.Collect$$libinit$$00000017  c_w.l(libinit2.o)
    0x08000312   0x08000312   0x00000000   Code   RO         4192    .ARM.Collect$$libinit$$00000019  c_w.l(libinit2.o)
    0x08000312   0x08000312   0x00000000   Code   RO         4194    .ARM.Collect$$libinit$$0000001B  c_w.l(libinit2.o)
    0x08000312   0x08000312   0x00000000   Code   RO         4196    .ARM.Collect$$libinit$$0000001D  c_w.l(libinit2.o)
    0x08000312   0x08000312   0x00000000   Code   RO         4198    .ARM.Collect$$libinit$$0000001F  c_w.l(libinit2.o)
    0x08000312   0x08000312   0x00000000   Code   RO         4200    .ARM.Collect$$libinit$$00000021  c_w.l(libinit2.o)
    0x08000312   0x08000312   0x00000000   Code   RO         4202    .ARM.Collect$$libinit$$00000023  c_w.l(libinit2.o)
    0x08000312   0x08000312   0x00000000   Code   RO         4204    .ARM.Collect$$libinit$$00000025  c_w.l(libinit2.o)
    0x08000312   0x08000312   0x00000000   Code   RO         4208    .ARM.Collect$$libinit$$0000002C  c_w.l(libinit2.o)
    0x08000312   0x08000312   0x00000000   Code   RO         4210    .ARM.Collect$$libinit$$0000002E  c_w.l(libinit2.o)
    0x08000312   0x08000312   0x00000000   Code   RO         4212    .ARM.Collect$$libinit$$00000030  c_w.l(libinit2.o)
    0x08000312   0x08000312   0x00000000   Code   RO         4214    .ARM.Collect$$libinit$$00000032  c_w.l(libinit2.o)
    0x08000312   0x08000312   0x00000002   Code   RO         4215    .ARM.Collect$$libinit$$00000033  c_w.l(libinit2.o)
    0x08000314   0x08000314   0x00000002   Code   RO         4239    .ARM.Collect$$libshutdown$$00000000  c_w.l(libshutdown.o)
    0x08000316   0x08000316   0x00000000   Code   RO         4263    .ARM.Collect$$libshutdown$$00000002  c_w.l(libshutdown2.o)
    0x08000316   0x08000316   0x00000000   Code   RO         4265    .ARM.Collect$$libshutdown$$00000004  c_w.l(libshutdown2.o)
    0x08000316   0x08000316   0x00000000   Code   RO         4267    .ARM.Collect$$libshutdown$$00000006  c_w.l(libshutdown2.o)
    0x08000316   0x08000316   0x00000000   Code   RO         4270    .ARM.Collect$$libshutdown$$00000009  c_w.l(libshutdown2.o)
    0x08000316   0x08000316   0x00000000   Code   RO         4273    .ARM.Collect$$libshutdown$$0000000C  c_w.l(libshutdown2.o)
    0x08000316   0x08000316   0x00000000   Code   RO         4275    .ARM.Collect$$libshutdown$$0000000E  c_w.l(libshutdown2.o)
    0x08000316   0x08000316   0x00000000   Code   RO         4278    .ARM.Collect$$libshutdown$$00000011  c_w.l(libshutdown2.o)
    0x08000316   0x08000316   0x00000002   Code   RO         4279    .ARM.Collect$$libshutdown$$00000012  c_w.l(libshutdown2.o)
    0x08000318   0x08000318   0x00000000   Code   RO         4111    .ARM.Collect$$rtentry$$00000000  c_w.l(__rtentry.o)
    0x08000318   0x08000318   0x00000000   Code   RO         4122    .ARM.Collect$$rtentry$$00000002  c_w.l(__rtentry2.o)
    0x08000318   0x08000318   0x00000006   Code   RO         4134    .ARM.Collect$$rtentry$$00000004  c_w.l(__rtentry4.o)
    0x0800031e   0x0800031e   0x00000000   Code   RO         4124    .ARM.Collect$$rtentry$$00000009  c_w.l(__rtentry2.o)
    0x0800031e   0x0800031e   0x00000004   Code   RO         4125    .ARM.Collect$$rtentry$$0000000A  c_w.l(__rtentry2.o)
    0x08000322   0x08000322   0x00000000   Code   RO         4127    .ARM.Collect$$rtentry$$0000000C  c_w.l(__rtentry2.o)
    0x08000322   0x08000322   0x00000008   Code   RO         4128    .ARM.Collect$$rtentry$$0000000D  c_w.l(__rtentry2.o)
    0x0800032a   0x0800032a   0x00000002   Code   RO         4163    .ARM.Collect$$rtexit$$00000000  c_w.l(rtexit.o)
    0x0800032c   0x0800032c   0x00000000   Code   RO         4217    .ARM.Collect$$rtexit$$00000002  c_w.l(rtexit2.o)
    0x0800032c   0x0800032c   0x00000004   Code   RO         4218    .ARM.Collect$$rtexit$$00000003  c_w.l(rtexit2.o)
    0x08000330   0x08000330   0x00000006   Code   RO         4219    .ARM.Collect$$rtexit$$00000004  c_w.l(rtexit2.o)
    0x08000336   0x08000336   0x00000002   PAD
    0x08000338   0x08000338   0x00000040   Code   RO            4    .text               startup_stm32h750xx.o
    0x08000378   0x08000378   0x00000002   Code   RO         4067    .text               c_w.l(use_no_semi_2.o)
    0x0800037a   0x0800037a   0x000000ee   Code   RO         4069    .text               c_w.l(lludivv7m.o)
    0x08000468   0x08000468   0x0000004e   Code   RO         4103    .text               c_w.l(rt_memclr_w.o)
    0x080004b6   0x080004b6   0x00000006   Code   RO         4105    .text               c_w.l(heapauxi.o)
    0x080004bc   0x080004bc   0x00000002   Code   RO         4109    .text               c_w.l(use_no_semi.o)
    0x080004be   0x080004be   0x0000004a   Code   RO         4144    .text               c_w.l(sys_stackheap_outer.o)
    0x08000508   0x08000508   0x00000012   Code   RO         4148    .text               c_w.l(exit.o)
    0x0800051a   0x0800051a   0x00000002   PAD
    0x0800051c   0x0800051c   0x00000008   Code   RO         4160    .text               c_w.l(libspace.o)
    0x08000524   0x08000524   0x0000000a   Ven    RO         4288    Veneer$$Code        anon$$obj.o
    0x0800052e   0x0800052e   0x0000000a   Ven    RO         4289    Veneer$$Code        anon$$obj.o
    0x08000538   0x08000538   0x0000000a   Ven    RO         4290    Veneer$$Code        anon$$obj.o
    0x08000542   0x08000542   0x0000000a   Ven    RO         4291    Veneer$$Code        anon$$obj.o
    0x0800054c   0x0800054c   0x0000000a   Ven    RO         4292    Veneer$$Code        anon$$obj.o
    0x08000556   0x08000556   0x0000000a   Ven    RO         4293    Veneer$$Code        anon$$obj.o
    0x08000560   0x08000560   0x0000000a   Ven    RO         4294    Veneer$$Code        anon$$obj.o
    0x0800056a   0x0800056a   0x0000000a   Ven    RO         4295    Veneer$$Code        anon$$obj.o
    0x08000574   0x08000574   0x0000000a   Ven    RO         4296    Veneer$$Code        anon$$obj.o
    0x0800057e   0x0800057e   0x0000000a   Ven    RO         4297    Veneer$$Code        anon$$obj.o
    0x08000588   0x08000588   0x0000000a   Ven    RO         4298    Veneer$$Code        anon$$obj.o
    0x08000592   0x08000592   0x0000000a   Ven    RO         4299    Veneer$$Code        anon$$obj.o
    0x0800059c   0x0800059c   0x0000000a   Ven    RO         4300    Veneer$$Code        anon$$obj.o
    0x080005a6   0x080005a6   0x00000004   Code   RO          407    i.BusFault_Handler  stm32h7xx_it.o
    0x080005aa   0x080005aa   0x00000002   Code   RO          408    i.DebugMon_Handler  stm32h7xx_it.o
    0x080005ac   0x080005ac   0x000004dc   Code   RO         1124    i.HAL_DMA_Abort     stm32h7xx_hal_dma.o
    0x08000a88   0x08000a88   0x00000398   Code   RO         1125    i.HAL_DMA_Abort_IT  stm32h7xx_hal_dma.o
    0x08000e20   0x08000e20   0x00000014   Code   RO          675    i.HAL_EnableCompensationCell  stm32h7xx_hal.o
    0x08000e34   0x08000e34   0x00000178   Code   RO         1235    i.HAL_GPIO_DeInit   stm32h7xx_hal_gpio.o
    0x08000fac   0x08000fac   0x0000001c   Code   RO         1237    i.HAL_GPIO_EXTI_IRQHandler  stm32h7xx_hal_gpio.o
    0x08000fc8   0x08000fc8   0x000001fc   Code   RO         1238    i.HAL_GPIO_Init     stm32h7xx_hal_gpio.o
    0x080011c4   0x080011c4   0x00000010   Code   RO         1240    i.HAL_GPIO_ReadPin  stm32h7xx_hal_gpio.o
    0x080011d4   0x080011d4   0x00000014   Code   RO         1241    i.HAL_GPIO_TogglePin  stm32h7xx_hal_gpio.o
    0x080011e8   0x080011e8   0x0000000c   Code   RO         1242    i.HAL_GPIO_WritePin  stm32h7xx_hal_gpio.o
    0x080011f4   0x080011f4   0x0000000c   Code   RO          679    i.HAL_GetREVID      stm32h7xx_hal.o
    0x08001200   0x08001200   0x0000000c   Code   RO          680    i.HAL_GetTick       stm32h7xx_hal.o
    0x0800120c   0x0800120c   0x00000018   Code   RO          686    i.HAL_IncTick       stm32h7xx_hal.o
    0x08001224   0x08001224   0x00000060   Code   RO          687    i.HAL_Init          stm32h7xx_hal.o
    0x08001284   0x08001284   0x00000058   Code   RO          688    i.HAL_InitTick      stm32h7xx_hal.o
    0x080012dc   0x080012dc   0x0000005c   Code   RO          974    i.HAL_MPU_ConfigRegion  stm32h7xx_hal_cortex.o
    0x08001338   0x08001338   0x0000002c   Code   RO          975    i.HAL_MPU_Disable   stm32h7xx_hal_cortex.o
    0x08001364   0x08001364   0x00000040   Code   RO          976    i.HAL_MPU_Enable    stm32h7xx_hal_cortex.o
    0x080013a4   0x080013a4   0x00000002   Code   RO          690    i.HAL_MspInit       stm32h7xx_hal.o
    0x080013a6   0x080013a6   0x00000028   Code   RO          979    i.HAL_NVIC_EnableIRQ  stm32h7xx_hal_cortex.o
    0x080013ce   0x080013ce   0x0000007a   Code   RO          985    i.HAL_NVIC_SetPriority  stm32h7xx_hal_cortex.o
    0x08001448   0x08001448   0x00000028   Code   RO          986    i.HAL_NVIC_SetPriorityGrouping  stm32h7xx_hal_cortex.o
    0x08001470   0x08001470   0x00000060   Code   RO         1568    i.HAL_PWREx_ConfigSupply  stm32h7xx_hal_pwr_ex.o
    0x080014d0   0x080014d0   0x000000ca   Code   RO         1824    i.HAL_QSPI_AutoPolling  stm32h7xx_hal_qspi.o
    0x0800159a   0x0800159a   0x000000a4   Code   RO         1827    i.HAL_QSPI_Command  stm32h7xx_hal_qspi.o
    0x0800163e   0x0800163e   0x00000028   Code   RO         1829    i.HAL_QSPI_DeInit   stm32h7xx_hal_qspi.o
    0x08001666   0x08001666   0x00000002   PAD
    0x08001668   0x08001668   0x000000b0   Code   RO         1836    i.HAL_QSPI_Init     stm32h7xx_hal_qspi.o
    0x08001718   0x08001718   0x000000ac   Code   RO         1837    i.HAL_QSPI_MemoryMapped  stm32h7xx_hal_qspi.o
    0x080017c4   0x080017c4   0x00000038   Code   RO          482    i.HAL_QSPI_MspDeInit  sys.o
    0x080017fc   0x080017fc   0x000000e8   Code   RO          483    i.HAL_QSPI_MspInit  sys.o
    0x080018e4   0x080018e4   0x00000004   Code   RO         1846    i.HAL_QSPI_SetTimeout  stm32h7xx_hal_qspi.o
    0x080018e8   0x080018e8   0x00000024   Code   RO         2177    i.HAL_RCCEx_GetD3PCLK1Freq  stm32h7xx_hal_rcc_ex.o
    0x0800190c   0x0800190c   0x00000230   Code   RO         2179    i.HAL_RCCEx_GetPLL2ClockFreq  stm32h7xx_hal_rcc_ex.o
    0x08001b3c   0x08001b3c   0x00000230   Code   RO         2180    i.HAL_RCCEx_GetPLL3ClockFreq  stm32h7xx_hal_rcc_ex.o
    0x08001d6c   0x08001d6c   0x00000d68   Code   RO         2186    i.HAL_RCCEx_PeriphCLKConfig  stm32h7xx_hal_rcc_ex.o
    0x08002ad4   0x08002ad4   0x00000320   Code   RO         2062    i.HAL_RCC_ClockConfig  stm32h7xx_hal_rcc.o
    0x08002df4   0x08002df4   0x0000004c   Code   RO         2067    i.HAL_RCC_GetHCLKFreq  stm32h7xx_hal_rcc.o
    0x08002e40   0x08002e40   0x00000024   Code   RO         2069    i.HAL_RCC_GetPCLK1Freq  stm32h7xx_hal_rcc.o
    0x08002e64   0x08002e64   0x00000024   Code   RO         2070    i.HAL_RCC_GetPCLK2Freq  stm32h7xx_hal_rcc.o
    0x08002e88   0x08002e88   0x0000022c   Code   RO         2071    i.HAL_RCC_GetSysClockFreq  stm32h7xx_hal_rcc.o
    0x080030b4   0x080030b4   0x00000858   Code   RO         2074    i.HAL_RCC_OscConfig  stm32h7xx_hal_rcc.o
    0x0800390c   0x0800390c   0x00000014   Code   RO          695    i.HAL_SYSCFG_CompensationCodeSelect  stm32h7xx_hal.o
    0x08003920   0x08003920   0x00000034   Code   RO          990    i.HAL_SYSTICK_Config  stm32h7xx_hal_cortex.o
    0x08003954   0x08003954   0x000000e0   Code   RO          584    i.HAL_UART_MspInit  usart.o
    0x08003a34   0x08003a34   0x0000009c   Code   RO          585    i.HAL_UART_RxCpltCallback  usart.o
    0x08003ad0   0x08003ad0   0x00000004   Code   RO          409    i.HardFault_Handler  stm32h7xx_it.o
    0x08003ad4   0x08003ad4   0x00000004   Code   RO          410    i.MemManage_Handler  stm32h7xx_it.o
    0x08003ad8   0x08003ad8   0x00000002   Code   RO          411    i.NMI_Handler       stm32h7xx_it.o
    0x08003ada   0x08003ada   0x00000002   Code   RO          412    i.PendSV_Handler    stm32h7xx_it.o
    0x08003adc   0x08003adc   0x000001e8   Code   RO         1853    i.QSPI_Config       stm32h7xx_hal_qspi.o
    0x08003cc4   0x08003cc4   0x0000004c   Code   RO         1858    i.QSPI_WaitFlagStateUntilTimeout  stm32h7xx_hal_qspi.o
    0x08003d10   0x08003d10   0x00000164   Code   RO         2189    i.RCCEx_PLL2_Config  stm32h7xx_hal_rcc_ex.o
    0x08003e74   0x08003e74   0x00000164   Code   RO         2190    i.RCCEx_PLL3_Config  stm32h7xx_hal_rcc_ex.o
    0x08003fd8   0x08003fd8   0x00000002   Code   RO          413    i.SVC_Handler       stm32h7xx_it.o
    0x08003fda   0x08003fda   0x00000008   Code   RO          414    i.SysTick_Handler   stm32h7xx_it.o
    0x08003fe2   0x08003fe2   0x00000002   PAD
    0x08003fe4   0x08003fe4   0x000000fc   Code   RO          371    i.SystemInit        system_stm32h7xx.o
    0x080040e0   0x080040e0   0x00000010   Code   RO          586    i.USART1_IRQHandler  usart.o
    0x080040f0   0x080040f0   0x00000004   Code   RO          415    i.UsageFault_Handler  stm32h7xx_it.o
    0x080040f4   0x080040f4   0x00000010   Code   RO          992    i.__NVIC_GetPriorityGrouping  stm32h7xx_hal_cortex.o
    0x08004104   0x08004104   0x00000028   Code   RO          993    i.__NVIC_SetPriority  stm32h7xx_hal_cortex.o
    0x0800412c   0x0800412c   0x00000004   Code   RO          588    i._sys_exit         usart.o
    0x08004130   0x08004130   0x0000000c   Code   RO          541    i.delay_init        delay.o
    0x0800413c   0x0800413c   0x00000012   Code   RO          542    i.delay_ms          delay.o
    0x0800414e   0x0800414e   0x00000002   PAD
    0x08004150   0x08004150   0x00000048   Code   RO          543    i.delay_us          delay.o
    0x08004198   0x08004198   0x0000001c   Code   RO          590    i.fputc             usart.o
    0x080041b4   0x080041b4   0x000000e0   Code   RO           13    i.main              main.o
    0x08004294   0x08004294   0x00000140   Code   RO          484    i.sys_cache_enable  sys.o
    0x080043d4   0x080043d4   0x00000150   Code   RO          485    i.sys_qspi_enable_memmapmode  sys.o
    0x08004524   0x08004524   0x00000178   Code   RO          486    i.sys_stm32_clock_init  sys.o
    0x0800469c   0x0800469c   0x00000038   Code   RO          591    i.usart_init        usart.o
    0x080046d4   0x080046d4   0x0000000a   Code   RO         4229    x$fpl$fpinit        fz_wv.l(fpinit.o)
    0x080046de   0x080046de   0x00000010   Data   RO          372    .constdata          system_stm32h7xx.o
    0x080046ee   0x080046ee   0x00000002   PAD
    0x080046f0   0x080046f0   0x00000020   Data   RO         4280    Region$$Table       anon$$obj.o


    Execution Region RW_m_stmsram (Exec base: 0x24000000, Load base: 0x08004710, Size: 0x00000a28, Max: 0x00080000, ABSOLUTE)

    Exec Addr    Load Addr    Size         Type   Attr      Idx    E Section Name        Object

    0x24000000   0x08004710   0x00000008   Data   RW          373    .data               system_stm32h7xx.o
    0x24000008   0x08004718   0x00000004   Data   RW          544    .data               delay.o
    0x2400000c   0x0800471c   0x00000007   Data   RW          593    .data               usart.o
    0x24000013   0x08004723   0x00000001   PAD
    0x24000014   0x08004724   0x00000009   Data   RW          709    .data               stm32h7xx_hal.o
    0x2400001d   0x0800472d   0x00000001   Data   RW         3939    .data               key.o
    0x2400001e   0x0800472e   0x00000002   PAD
    0x24000020   0x08004730   0x00000004   Data   RW         3974    .data               atim.o
    0x24000024   0x08004734   0x0000000c   Data   RW         4024    .data               spinencoder.o
    0x24000030        -       0x000000c0   Zero   RW          487    .bss                sys.o
    0x240000f0        -       0x0000015c   Zero   RW          592    .bss                usart.o
    0x2400024c        -       0x0000017c   Zero   RW         3973    .bss                atim.o
    0x240003c8        -       0x00000060   Zero   RW         4161    .bss                c_w.l(libspace.o)
    0x24000428        -       0x00000200   Zero   RW            2    HEAP                startup_stm32h750xx.o
    0x24000628        -       0x00000400   Zero   RW            1    STACK               startup_stm32h750xx.o



  Load Region LR_m_qspiflash (Base: 0x90000000, Size: 0x00002a58, Max: 0x00800000, ABSOLUTE)

    Execution Region ER_m_qspiflash (Exec base: 0x90000000, Load base: 0x90000000, Size: 0x00002a58, Max: 0x00800000, ABSOLUTE)

    Exec Addr    Load Addr    Size         Type   Attr      Idx    E Section Name        Object

    0x90000000   0x90000000   0x00000000   Code   RO         4102    .ARM.Collect$$_printf_percent$$00000000  c_w.l(_printf_percent.o)
    0x90000000   0x90000000   0x00000006   Code   RO         4101    .ARM.Collect$$_printf_percent$$00000009  c_w.l(_printf_d.o)
    0x90000006   0x90000006   0x00000004   Code   RO         4120    .ARM.Collect$$_printf_percent$$00000017  c_w.l(_printf_percent_end.o)
    0x9000000a   0x9000000a   0x00000002   PAD
    0x9000000c   0x9000000c   0x00000018   Code   RO         4073    .text               c_w.l(noretval__2printf.o)
    0x90000024   0x90000024   0x0000004e   Code   RO         4077    .text               c_w.l(_printf_pad.o)
    0x90000072   0x90000072   0x00000002   PAD
    0x90000074   0x90000074   0x00000078   Code   RO         4079    .text               c_w.l(_printf_dec.o)
    0x900000ec   0x900000ec   0x0000010e   Code   RO         4089    .text               c_w.l(__printf_wp.o)
    0x900001fa   0x900001fa   0x000000b2   Code   RO         4116    .text               c_w.l(_printf_intcommon.o)
    0x900002ac   0x900002ac   0x00000024   Code   RO         4118    .text               c_w.l(_printf_char_file.o)
    0x900002d0   0x900002d0   0x00000030   Code   RO         4138    .text               c_w.l(_printf_char_common.o)
    0x90000300   0x90000300   0x00000008   Code   RO         4140    .text               c_w.l(ferror.o)
    0x90000308   0x90000308   0x0000000a   Ven    RO         4301    Veneer$$Code        anon$$obj.o
    0x90000312   0x90000312   0x0000000a   Ven    RO         4302    Veneer$$Code        anon$$obj.o
    0x9000031c   0x9000031c   0x0000000a   Ven    RO         4303    Veneer$$Code        anon$$obj.o
    0x90000326   0x90000326   0x0000000a   Ven    RO         4304    Veneer$$Code        anon$$obj.o
    0x90000330   0x90000330   0x0000000a   Ven    RO         4305    Veneer$$Code        anon$$obj.o
    0x9000033a   0x9000033a   0x0000000a   Ven    RO         4306    Veneer$$Code        anon$$obj.o
    0x90000344   0x90000344   0x0000000a   Ven    RO         4307    Veneer$$Code        anon$$obj.o
    0x9000034e   0x9000034e   0x0000000a   Ven    RO         4308    Veneer$$Code        anon$$obj.o
    0x90000358   0x90000358   0x0000000a   Ven    RO         4309    Veneer$$Code        anon$$obj.o
    0x90000362   0x90000362   0x0000000a   Ven    RO         4310    Veneer$$Code        anon$$obj.o
    0x9000036c   0x9000036c   0x0000000a   Ven    RO         4311    Veneer$$Code        anon$$obj.o
    0x90000376   0x90000376   0x0000000a   Ven    RO         4312    Veneer$$Code        anon$$obj.o
    0x90000380   0x90000380   0x0000000a   Ven    RO         4313    Veneer$$Code        anon$$obj.o
    0x9000038a   0x9000038a   0x0000000a   Ven    RO         4314    Veneer$$Code        anon$$obj.o
    0x90000394   0x90000394   0x0000000a   Ven    RO         4315    Veneer$$Code        anon$$obj.o
    0x9000039e   0x9000039e   0x0000000a   Ven    RO         4316    Veneer$$Code        anon$$obj.o
    0x900003a8   0x900003a8   0x0000000a   Ven    RO         4317    Veneer$$Code        anon$$obj.o
    0x900003b2   0x900003b2   0x0000000a   Ven    RO         4318    Veneer$$Code        anon$$obj.o
    0x900003bc   0x900003bc   0x0000000a   Ven    RO         4319    Veneer$$Code        anon$$obj.o
    0x900003c6   0x900003c6   0x00000020   Code   RO         4020    i.EXTI9_5_IRQHandler  spinencoder.o
    0x900003e6   0x900003e6   0x00000002   PAD
    0x900003e8   0x900003e8   0x00000158   Code   RO         4021    i.HAL_GPIO_EXTI_Callback  spinencoder.o
    0x90000540   0x90000540   0x00000036   Code   RO         2928    i.HAL_TIM_GenerateEvent  stm32h7xx_hal_tim.o
    0x90000576   0x90000576   0x00000170   Code   RO         2969    i.HAL_TIM_PWM_ConfigChannel  stm32h7xx_hal_tim.o
    0x900006e6   0x900006e6   0x0000006e   Code   RO         2972    i.HAL_TIM_PWM_Init  stm32h7xx_hal_tim.o
    0x90000754   0x90000754   0x00000002   Code   RO         2974    i.HAL_TIM_PWM_MspInit  stm32h7xx_hal_tim.o
    0x90000756   0x90000756   0x00000002   PAD
    0x90000758   0x90000758   0x00000164   Code   RO         2977    i.HAL_TIM_PWM_Start  stm32h7xx_hal_tim.o
    0x900008bc   0x900008bc   0x000000e4   Code   RO         2980    i.HAL_TIM_PWM_Stop  stm32h7xx_hal_tim.o
    0x900009a0   0x900009a0   0x00000002   Code   RO         2356    i.HAL_UARTEx_RxEventCallback  stm32h7xx_hal_uart.o
    0x900009a2   0x900009a2   0x00000002   Code   RO         2780    i.HAL_UARTEx_RxFifoFullCallback  stm32h7xx_hal_uart_ex.o
    0x900009a4   0x900009a4   0x00000002   Code   RO         2784    i.HAL_UARTEx_TxFifoEmptyCallback  stm32h7xx_hal_uart_ex.o
    0x900009a6   0x900009a6   0x00000002   Code   RO         2785    i.HAL_UARTEx_WakeupCallback  stm32h7xx_hal_uart_ex.o
    0x900009a8   0x900009a8   0x00000002   Code   RO         2372    i.HAL_UART_ErrorCallback  stm32h7xx_hal_uart.o
    0x900009aa   0x900009aa   0x00000002   PAD
    0x900009ac   0x900009ac   0x00000494   Code   RO         2375    i.HAL_UART_IRQHandler  stm32h7xx_hal_uart.o
    0x90000e40   0x90000e40   0x00000078   Code   RO         2376    i.HAL_UART_Init     stm32h7xx_hal_uart.o
    0x90000eb8   0x90000eb8   0x0000005c   Code   RO         2381    i.HAL_UART_Receive_IT  stm32h7xx_hal_uart.o
    0x90000f14   0x90000f14   0x00000002   Code   RO         2388    i.HAL_UART_TxCpltCallback  stm32h7xx_hal_uart.o
    0x90000f16   0x90000f16   0x00000002   PAD
    0x90000f18   0x90000f18   0x00000080   Code   RO         3968    i.TIM15_IRQHandler  atim.o
    0x90000f98   0x90000f98   0x00000080   Code   RO         3969    i.TIM1_UP_IRQHandler  atim.o
    0x90001018   0x90001018   0x000000cc   Code   RO         2990    i.TIM_Base_SetConfig  stm32h7xx_hal_tim.o
    0x900010e4   0x900010e4   0x00000022   Code   RO         2991    i.TIM_CCxChannelCmd  stm32h7xx_hal_tim.o
    0x90001106   0x90001106   0x00000002   PAD
    0x90001108   0x90001108   0x000000ac   Code   RO         3003    i.TIM_OC1_SetConfig  stm32h7xx_hal_tim.o
    0x900011b4   0x900011b4   0x000000b4   Code   RO         3004    i.TIM_OC2_SetConfig  stm32h7xx_hal_tim.o
    0x90001268   0x90001268   0x000000b4   Code   RO         3005    i.TIM_OC3_SetConfig  stm32h7xx_hal_tim.o
    0x9000131c   0x9000131c   0x00000074   Code   RO         3006    i.TIM_OC4_SetConfig  stm32h7xx_hal_tim.o
    0x90001390   0x90001390   0x00000070   Code   RO         3007    i.TIM_OC5_SetConfig  stm32h7xx_hal_tim.o
    0x90001400   0x90001400   0x00000070   Code   RO         3008    i.TIM_OC6_SetConfig  stm32h7xx_hal_tim.o
    0x90001470   0x90001470   0x000000f8   Code   RO         2390    i.UART_AdvFeatureConfig  stm32h7xx_hal_uart.o
    0x90001568   0x90001568   0x000000ea   Code   RO         2391    i.UART_CheckIdleState  stm32h7xx_hal_uart.o
    0x90001652   0x90001652   0x00000018   Code   RO         2392    i.UART_DMAAbortOnError  stm32h7xx_hal_uart.o
    0x9000166a   0x9000166a   0x00000002   PAD
    0x9000166c   0x9000166c   0x0000006c   Code   RO         2402    i.UART_EndRxTransfer  stm32h7xx_hal_uart.o
    0x900016d8   0x900016d8   0x00000030   Code   RO         2403    i.UART_EndTransmit_IT  stm32h7xx_hal_uart.o
    0x90001708   0x90001708   0x00000104   Code   RO         2405    i.UART_RxISR_16BIT  stm32h7xx_hal_uart.o
    0x9000180c   0x9000180c   0x000001fc   Code   RO         2406    i.UART_RxISR_16BIT_FIFOEN  stm32h7xx_hal_uart.o
    0x90001a08   0x90001a08   0x00000104   Code   RO         2407    i.UART_RxISR_8BIT   stm32h7xx_hal_uart.o
    0x90001b0c   0x90001b0c   0x000001f8   Code   RO         2408    i.UART_RxISR_8BIT_FIFOEN  stm32h7xx_hal_uart.o
    0x90001d04   0x90001d04   0x0000058c   Code   RO         2409    i.UART_SetConfig    stm32h7xx_hal_uart.o
    0x90002290   0x90002290   0x0000015c   Code   RO         2411    i.UART_Start_Receive_IT  stm32h7xx_hal_uart.o
    0x900023ec   0x900023ec   0x000000a2   Code   RO         2416    i.UART_WaitOnFlagUntilTimeout  stm32h7xx_hal_uart.o
    0x9000248e   0x9000248e   0x0000000e   Code   RO         4091    i._is_digit         c_w.l(__printf_wp.o)
    0x9000249c   0x9000249c   0x00000020   Code   RO         3970    i.atim_tim15_chy_npwm_set  atim.o
    0x900024bc   0x900024bc   0x000001ac   Code   RO         3971    i.atim_timx_chy_npwm_init  atim.o
    0x90002668   0x90002668   0x00000020   Code   RO         3972    i.atim_timx_chy_npwm_set  atim.o
    0x90002688   0x90002688   0x000000f0   Code   RO         4023    i.exti_init         spinencoder.o
    0x90002778   0x90002778   0x000000fc   Code   RO         3937    i.key_init          key.o
    0x90002874   0x90002874   0x0000012c   Code   RO         3938    i.key_scan          key.o
    0x900029a0   0x900029a0   0x000000a0   Code   RO         3913    i.led_init          led.o
    0x90002a40   0x90002a40   0x00000018   Data   RO         2417    .constdata          stm32h7xx_hal_uart.o


==============================================================================

Image component sizes


      Code (inc. data)   RO Data    RW Data    ZI Data      Debug   Object Name

       748         66          0          4        380       4307   atim.o
       102         10          0          4          0       2011   delay.o
       552         32          0          1          0       1958   key.o
       160          8          0          0          0        987   led.o
       224         14          0          0          0    1300599   main.o
       616        116          0         12          0       2924   spinencoder.o
        64         26        664          0       1536        988   startup_stm32h750xx.o
       274         58          0          9          0      24563   stm32h7xx_hal.o
       510         38          0          0          0      42493   stm32h7xx_hal_cortex.o
      2164         34          0          0          0       4287   stm32h7xx_hal_dma.o
       960        104          0          0          0       5145   stm32h7xx_hal_gpio.o
        96          6          0          0          0        801   stm32h7xx_hal_pwr_ex.o
      1322          8          0          0          0       7758   stm32h7xx_hal_qspi.o
      3640        114          0          0          0       7088   stm32h7xx_hal_rcc.o
      5300        108          0          0          0       7457   stm32h7xx_hal_rcc_ex.o
      2228        246          0          0          0      11437   stm32h7xx_hal_tim.o
      5514        204         24          0          0      37842   stm32h7xx_hal_uart.o
         6          0          0          0          0       2313   stm32h7xx_hal_uart_ex.o
        32          0          0          0          0       4374   stm32h7xx_it.o
      1320         66          0          0        192      40827   sys.o
       252         40         16          8          0       1582   system_stm32h7xx.o
       484         62          0          7        348       5793   usart.o

    ----------------------------------------------------------------------
     26906       1360        738         48       2456    1517534   Object Totals
       320          0         32          0          0          0   (incl. Generated)
        18          0          2          3          0          0   (incl. Padding)

    ----------------------------------------------------------------------

      Code (inc. data)   RO Data    RW Data    ZI Data      Debug   Library Member Name

         8          0          0          0          0         68   __main.o
       284          0          0          0          0        156   __printf_wp.o
         0          0          0          0          0          0   __rtentry.o
        12          0          0          0          0          0   __rtentry2.o
         6          0          0          0          0          0   __rtentry4.o
        52          8          0          0          0          0   __scatter.o
        26          0          0          0          0          0   __scatter_copy.o
        28          0          0          0          0          0   __scatter_zi.o
        48          6          0          0          0         96   _printf_char_common.o
        36          4          0          0          0         80   _printf_char_file.o
         6          0          0          0          0          0   _printf_d.o
       120         16          0          0          0         92   _printf_dec.o
       178          0          0          0          0         88   _printf_intcommon.o
        78          0          0          0          0        108   _printf_pad.o
         0          0          0          0          0          0   _printf_percent.o
         4          0          0          0          0          0   _printf_percent_end.o
        18          0          0          0          0         80   exit.o
         8          0          0          0          0         68   ferror.o
         6          0          0          0          0        152   heapauxi.o
         2          0          0          0          0          0   libinit.o
         6          0          0          0          0          0   libinit2.o
         2          0          0          0          0          0   libshutdown.o
         2          0          0          0          0          0   libshutdown2.o
         8          4          0          0         96         68   libspace.o
       238          0          0          0          0        100   lludivv7m.o
        24          4          0          0          0         84   noretval__2printf.o
        78          0          0          0          0         80   rt_memclr_w.o
         2          0          0          0          0          0   rtexit.o
        10          0          0          0          0          0   rtexit2.o
        74          0          0          0          0         80   sys_stackheap_outer.o
         2          0          0          0          0         68   use_no_semi.o
         2          0          0          0          0         68   use_no_semi_2.o
        10          0          0          0          0        116   fpinit.o

    ----------------------------------------------------------------------
      1388         42          0          0         96       1652   Library Totals
        10          0          0          0          0          0   (incl. Padding)

    ----------------------------------------------------------------------

      Code (inc. data)   RO Data    RW Data    ZI Data      Debug   Library Name

      1368         42          0          0         96       1536   c_w.l
        10          0          0          0          0        116   fz_wv.l

    ----------------------------------------------------------------------
      1388         42          0          0         96       1652   Library Totals

    ----------------------------------------------------------------------

==============================================================================


      Code (inc. data)   RO Data    RW Data    ZI Data      Debug   

     28294       1402        738         48       2552    1507458   Grand Totals
     28294       1402        738         48       2552    1507458   ELF Image Totals
     28294       1402        738         48          0          0   ROM Totals

==============================================================================

    Total RO  Size (Code + RO Data)                29032 (  28.35kB)
    Total RW  Size (RW Data + ZI Data)              2600 (   2.54kB)
    Total ROM Size (Code + RO Data + RW Data)      29080 (  28.40kB)

==============================================================================

