<html>
<body>
<pre>
<h1>µVision Build Log</h1>
<h2>Tool Versions:</h2>
IDE-Version: ¦ÌVision V5.36.0.0
Copyright (C) 2021 ARM Ltd and ARM Germany GmbH. All rights reserved.
License Information: zqy zqy, zqy, LIC=EXJT4-F08DY-FWN2N-YG42P-ZUPXT-YK43K
 
Tool Versions:
Toolchain:       MDK-ARM Plus  Version: 5.36.0.0
Toolchain Path:  E:\Keil5_MDK\keil536\ARM\ARMCC\Bin
C Compiler:      Armcc.exe V5.06 update 7 (build 960)
Assembler:       Armasm.exe V5.06 update 7 (build 960)
Linker/Locator:  ArmLink.exe V5.06 update 7 (build 960)
Library Manager: ArmAr.exe V5.06 update 7 (build 960)
Hex Converter:   FromElf.exe V5.06 update 7 (build 960)
CPU DLL:         SARMCM3.DLL V5.36.0.0
Dialog DLL:      DCM.DLL V1.17.3.0
Target DLL:      STLink\ST-LINKIII-KEIL_SWO.dll V3.0.9.0
Dialog DLL:      TCM.DLL V1.53.0.0
 
<h2>Project:</h2>
D:\Keyan\ARM\Motor_Control\Self_Code\nPwmOut_H7\Projects\MDK-ARM\atk_h750.uvprojx
Project File Date:  02/29/2024

<h2>Output:</h2>
*** Using Compiler 'V5.06 update 7 (build 960)', folder: 'E:\Keil5_MDK\keil536\ARM\ARMCC\Bin'
Rebuild target 'atk_h750'
assembling startup_stm32h750xx.s...
compiling delay.c...
compiling system_stm32h7xx.c...
compiling stm32h7xx_it.c...
compiling usart.c...
compiling sys.c...
compiling stm32h7xx_hal.c...
compiling main.c...
compiling stm32h7xx_hal_cortex.c...
compiling stm32h7xx_hal_gpio.c...
compiling stm32h7xx_hal_pwr.c...
compiling stm32h7xx_hal_pwr_ex.c...
compiling stm32h7xx_hal_mdma.c...
compiling stm32h7xx_hal_qspi.c...
compiling stm32h7xx_hal_dma.c...
compiling stm32h7xx_hal_rcc.c...
compiling stm32h7xx_hal_uart_ex.c...
compiling stm32h7xx_hal_rcc_ex.c...
compiling led.c...
compiling stm32h7xx_hal_tim_ex.c...
compiling stm32h7xx_hal_uart.c...
compiling stm32h7xx_hal_tim.c...
compiling key.c...
compiling atim.c...
compiling spinencoder.c...
linking...
Program Size: Code=28294 RO-data=738 RW-data=48 ZI-data=2552  
FromELF: creating hex file...
"..\..\Output\atk_h750.axf" - 0 Error(s), 0 Warning(s).

<h2>Software Packages used:</h2>

Package Vendor: Keil
                https://www.keil.com/pack/Keil.STM32H7xx_DFP.3.1.1.pack
                Keil.STM32H7xx_DFP.3.1.1
                STMicroelectronics STM32H7 Series Device Support and Examples

<h2>Collection of Component include folders:</h2>
  E:\Keil5_MDK\keil536\Keil\STM32H7xx_DFP\3.1.1\Drivers\CMSIS\Device\ST\STM32H7xx\Include

<h2>Collection of Component Files used:</h2>
Build Time Elapsed:  00:00:07
</pre>
</body>
</html>
